Feb 09 07:14:54 ubuntu kernel: Linux version 6.5.0-1016-gcp (buildd@lcy02-amd64-061) (x86_64-linux-gnu-gcc-12 (Ubuntu 12.3.0-1ubuntu1~22.04) 12.3.0, GNU ld (GNU Binutils for Ubuntu) 2.38) #16~22.04.1-Ubuntu SMP Sat Mar  9 00:58:37 UTC 2024 (Ubuntu 6.5.0-1016.16~22.04.1-gcp 6.5.13)
Feb 09 07:14:54 ubuntu kernel: Command line: BOOT_IMAGE=/boot/vmlinuz-6.5.0-1016-gcp root=PARTUUID=38bda5b2-b7b5-4876-9867-3c91fd5f3baf ro console=ttyS0,115200 panic=-1
Feb 09 07:14:54 ubuntu kernel: KERNEL supported cpus:
Feb 09 07:14:54 ubuntu kernel:   Intel GenuineIntel
Feb 09 07:14:54 ubuntu kernel:   AMD AuthenticAMD
Feb 09 07:14:54 ubuntu kernel:   Hygon HygonGenuine
Feb 09 07:14:54 ubuntu kernel:   Centaur CentaurHauls
Feb 09 07:14:54 ubuntu kernel:   zhaoxin   Shanghai  
Feb 09 07:14:54 ubuntu kernel: BIOS-provided physical RAM map:
Feb 09 07:14:54 ubuntu kernel: BIOS-e820: [mem 0x0000000000000000-0x0000000000000fff] reserved
Feb 09 07:14:54 ubuntu kernel: BIOS-e820: [mem 0x0000000000001000-0x0000000000054fff] usable
Feb 09 07:14:54 ubuntu kernel: BIOS-e820: [mem 0x0000000000055000-0x000000000005ffff] reserved
Feb 09 07:14:54 ubuntu kernel: BIOS-e820: [mem 0x0000000000060000-0x0000000000097fff] usable
Feb 09 07:14:54 ubuntu kernel: BIOS-e820: [mem 0x0000000000098000-0x000000000009ffff] reserved
Feb 09 07:14:54 ubuntu kernel: BIOS-e820: [mem 0x0000000000100000-0x00000000bf8ecfff] usable
Feb 09 07:14:54 ubuntu kernel: BIOS-e820: [mem 0x00000000bf8ed000-0x00000000bfb6cfff] reserved
Feb 09 07:14:54 ubuntu kernel: BIOS-e820: [mem 0x00000000bfb6d000-0x00000000bfb7efff] ACPI data
Feb 09 07:14:54 ubuntu kernel: BIOS-e820: [mem 0x00000000bfb7f000-0x00000000bfbfefff] ACPI NVS
Feb 09 07:14:54 ubuntu kernel: BIOS-e820: [mem 0x00000000bfbff000-0x00000000bffdffff] usable
Feb 09 07:14:54 ubuntu kernel: BIOS-e820: [mem 0x00000000bffe0000-0x00000000bfffffff] reserved
Feb 09 07:14:54 ubuntu kernel: BIOS-e820: [mem 0x0000000100000000-0x000000043fffffff] usable
Feb 09 07:14:54 ubuntu kernel: NX (Execute Disable) protection: active
Feb 09 07:14:54 ubuntu kernel: efi: EFI v2.7 by EDK II
Feb 09 07:14:54 ubuntu kernel: efi: TPMFinalLog=0xbfbf7000 ACPI=0xbfb7e000 ACPI 2.0=0xbfb7e014 SMBIOS=0xbf9ca000 MEMATTR=0xbd2b0018 MOKvar=0xbf9c8000 RNG=0xbfb73018 TPMEventLog=0xbd2a7018 
Feb 09 07:14:54 ubuntu kernel: random: crng init done
Feb 09 07:14:54 ubuntu kernel: secureboot: Secure boot disabled
Feb 09 07:14:54 ubuntu kernel: SMBIOS 2.4 present.
Feb 09 07:14:54 ubuntu kernel: DMI: Google Google Compute Engine/Google Compute Engine, BIOS Google 10/25/2025
Feb 09 07:14:54 ubuntu kernel: Hypervisor detected: KVM
Feb 09 07:14:54 ubuntu kernel: kvm-clock: Using msrs 4b564d01 and 4b564d00
Feb 09 07:14:54 ubuntu kernel: kvm-clock: using sched offset of 5199740625 cycles
Feb 09 07:14:54 ubuntu kernel: clocksource: kvm-clock: mask: 0xffffffffffffffff max_cycles: 0x1cd42e4dffb, max_idle_ns: 881590591483 ns
Feb 09 07:14:54 ubuntu kernel: tsc: Detected 2800.180 MHz processor
Feb 09 07:14:54 ubuntu kernel: e820: update [mem 0x00000000-0x00000fff] usable ==> reserved
Feb 09 07:14:54 ubuntu kernel: e820: remove [mem 0x000a0000-0x000fffff] usable
Feb 09 07:14:54 ubuntu kernel: last_pfn = 0x440000 max_arch_pfn = 0x400000000
Feb 09 07:14:54 ubuntu kernel: MTRR map: 3 entries (2 fixed + 1 variable; max 18), built from 8 variable MTRRs
Feb 09 07:14:54 ubuntu kernel: x86/PAT: Configuration [0-7]: WB  WC  UC- UC  WB  WP  UC- WT  
Feb 09 07:14:54 ubuntu kernel: last_pfn = 0xbffe0 max_arch_pfn = 0x400000000
Feb 09 07:14:54 ubuntu kernel: Using GB pages for direct mapping
Feb 09 07:14:54 ubuntu kernel: secureboot: Secure boot disabled
Feb 09 07:14:54 ubuntu kernel: ACPI: Early table checksum verification disabled
Feb 09 07:14:54 ubuntu kernel: ACPI: RSDP 0x00000000BFB7E014 000024 (v02 Google)
Feb 09 07:14:54 ubuntu kernel: ACPI: XSDT 0x00000000BFB7D0E8 00005C (v01 Google GOOGFACP 00000001      01000013)
Feb 09 07:14:54 ubuntu kernel: ACPI: FACP 0x00000000BFB78000 0000F4 (v02 Google GOOGFACP 00000001 GOOG 00000001)
Feb 09 07:14:54 ubuntu kernel: ACPI: DSDT 0x00000000BFB79000 001A64 (v01 Google GOOGDSDT 00000001 GOOG 00000001)
Feb 09 07:14:54 ubuntu kernel: ACPI: FACS 0x00000000BFBF2000 000040
Feb 09 07:14:54 ubuntu kernel: ACPI: SSDT 0x00000000BFB7C000 000316 (v02 GOOGLE Tpm2Tabl 00001000 INTL 20250404)
Feb 09 07:14:54 ubuntu kernel: ACPI: TPM2 0x00000000BFB7B000 000034 (v04 GOOGLE          00000001 GOOG 00000001)
Feb 09 07:14:54 ubuntu kernel: ACPI: SRAT 0x00000000BFB77000 0000E8 (v03 Google GOOGSRAT 00000001 GOOG 00000001)
Feb 09 07:14:54 ubuntu kernel: ACPI: APIC 0x00000000BFB76000 000086 (v05 Google GOOGAPIC 00000001 GOOG 00000001)
Feb 09 07:14:54 ubuntu kernel: ACPI: SSDT 0x00000000BFB75000 000A42 (v01 Google GOOGSSDT 00000001 GOOG 00000001)
Feb 09 07:14:54 ubuntu kernel: ACPI: WAET 0x00000000BFB74000 000028 (v01 Google GOOGWAET 00000001 GOOG 00000001)
Feb 09 07:14:54 ubuntu kernel: ACPI: Reserving FACP table memory at [mem 0xbfb78000-0xbfb780f3]
Feb 09 07:14:54 ubuntu kernel: ACPI: Reserving DSDT table memory at [mem 0xbfb79000-0xbfb7aa63]
Feb 09 07:14:54 ubuntu kernel: ACPI: Reserving FACS table memory at [mem 0xbfbf2000-0xbfbf203f]
Feb 09 07:14:54 ubuntu kernel: ACPI: Reserving SSDT table memory at [mem 0xbfb7c000-0xbfb7c315]
Feb 09 07:14:54 ubuntu kernel: ACPI: Reserving TPM2 table memory at [mem 0xbfb7b000-0xbfb7b033]
Feb 09 07:14:54 ubuntu kernel: ACPI: Reserving SRAT table memory at [mem 0xbfb77000-0xbfb770e7]
Feb 09 07:14:54 ubuntu kernel: ACPI: Reserving APIC table memory at [mem 0xbfb76000-0xbfb76085]
Feb 09 07:14:54 ubuntu kernel: ACPI: Reserving SSDT table memory at [mem 0xbfb75000-0xbfb75a41]
Feb 09 07:14:54 ubuntu kernel: ACPI: Reserving WAET table memory at [mem 0xbfb74000-0xbfb74027]
Feb 09 07:14:54 ubuntu kernel: SRAT: PXM 0 -> APIC 0x00 -> Node 0
Feb 09 07:14:54 ubuntu kernel: SRAT: PXM 0 -> APIC 0x01 -> Node 0
Feb 09 07:14:54 ubuntu kernel: SRAT: PXM 0 -> APIC 0x02 -> Node 0
Feb 09 07:14:54 ubuntu kernel: SRAT: PXM 0 -> APIC 0x03 -> Node 0
Feb 09 07:14:54 ubuntu kernel: ACPI: SRAT: Node 0 PXM 0 [mem 0x00000000-0x0009ffff]
Feb 09 07:14:54 ubuntu kernel: ACPI: SRAT: Node 0 PXM 0 [mem 0x00100000-0xbfffffff]
Feb 09 07:14:54 ubuntu kernel: ACPI: SRAT: Node 0 PXM 0 [mem 0x100000000-0x43fffffff]
Feb 09 07:14:54 ubuntu kernel: NUMA: Node 0 [mem 0x00000000-0x0009ffff] + [mem 0x00100000-0xbfffffff] -> [mem 0x00000000-0xbfffffff]
Feb 09 07:14:54 ubuntu kernel: NUMA: Node 0 [mem 0x00000000-0xbfffffff] + [mem 0x100000000-0x43fffffff] -> [mem 0x00000000-0x43fffffff]
Feb 09 07:14:54 ubuntu kernel: NODE_DATA(0) allocated [mem 0x43ffd5000-0x43fffffff]
Feb 09 07:14:54 ubuntu kernel: Zone ranges:
Feb 09 07:14:54 ubuntu kernel:   DMA      [mem 0x0000000000001000-0x0000000000ffffff]
Feb 09 07:14:54 ubuntu kernel:   DMA32    [mem 0x0000000001000000-0x00000000ffffffff]
Feb 09 07:14:54 ubuntu kernel:   Normal   [mem 0x0000000100000000-0x000000043fffffff]
Feb 09 07:14:54 ubuntu kernel:   Device   empty
Feb 09 07:14:54 ubuntu kernel: Movable zone start for each node
Feb 09 07:14:54 ubuntu kernel: Early memory node ranges
Feb 09 07:14:54 ubuntu kernel:   node   0: [mem 0x0000000000001000-0x0000000000054fff]
Feb 09 07:14:54 ubuntu kernel:   node   0: [mem 0x0000000000060000-0x0000000000097fff]
Feb 09 07:14:54 ubuntu kernel:   node   0: [mem 0x0000000000100000-0x00000000bf8ecfff]
Feb 09 07:14:54 ubuntu kernel:   node   0: [mem 0x00000000bfbff000-0x00000000bffdffff]
Feb 09 07:14:54 ubuntu kernel:   node   0: [mem 0x0000000100000000-0x000000043fffffff]
Feb 09 07:14:54 ubuntu kernel: Initmem setup node 0 [mem 0x0000000000001000-0x000000043fffffff]
Feb 09 07:14:54 ubuntu kernel: On node 0, zone DMA: 1 pages in unavailable ranges
Feb 09 07:14:54 ubuntu kernel: On node 0, zone DMA: 11 pages in unavailable ranges
Feb 09 07:14:54 ubuntu kernel: On node 0, zone DMA: 104 pages in unavailable ranges
Feb 09 07:14:54 ubuntu kernel: On node 0, zone DMA32: 786 pages in unavailable ranges
Feb 09 07:14:54 ubuntu kernel: On node 0, zone Normal: 32 pages in unavailable ranges
Feb 09 07:14:54 ubuntu kernel: ACPI: PM-Timer IO Port: 0xb008
Feb 09 07:14:54 ubuntu kernel: ACPI: LAPIC_NMI (acpi_id[0xff] dfl dfl lint[0x1])
Feb 09 07:14:54 ubuntu kernel: IOAPIC[0]: apic_id 0, version 17, address 0xfec00000, GSI 0-23
Feb 09 07:14:54 ubuntu kernel: ACPI: INT_SRC_OVR (bus 0 bus_irq 5 global_irq 5 high level)
Feb 09 07:14:54 ubuntu kernel: ACPI: INT_SRC_OVR (bus 0 bus_irq 9 global_irq 9 high level)
Feb 09 07:14:54 ubuntu kernel: ACPI: INT_SRC_OVR (bus 0 bus_irq 10 global_irq 10 high level)
Feb 09 07:14:54 ubuntu kernel: ACPI: INT_SRC_OVR (bus 0 bus_irq 11 global_irq 11 high level)
Feb 09 07:14:54 ubuntu kernel: ACPI: Using ACPI (MADT) for SMP configuration information
Feb 09 07:14:54 ubuntu kernel: smpboot: Allowing 4 CPUs, 0 hotplug CPUs
Feb 09 07:14:54 ubuntu kernel: PM: hibernation: Registered nosave memory: [mem 0x00000000-0x00000fff]
Feb 09 07:14:54 ubuntu kernel: PM: hibernation: Registered nosave memory: [mem 0x00055000-0x0005ffff]
Feb 09 07:14:54 ubuntu kernel: PM: hibernation: Registered nosave memory: [mem 0x00098000-0x0009ffff]
Feb 09 07:14:54 ubuntu kernel: PM: hibernation: Registered nosave memory: [mem 0x000a0000-0x000fffff]
Feb 09 07:14:54 ubuntu kernel: PM: hibernation: Registered nosave memory: [mem 0xbf8ed000-0xbfb6cfff]
Feb 09 07:14:54 ubuntu kernel: PM: hibernation: Registered nosave memory: [mem 0xbfb6d000-0xbfb7efff]
Feb 09 07:14:54 ubuntu kernel: PM: hibernation: Registered nosave memory: [mem 0xbfb7f000-0xbfbfefff]
Feb 09 07:14:54 ubuntu kernel: PM: hibernation: Registered nosave memory: [mem 0xbffe0000-0xbfffffff]
Feb 09 07:14:54 ubuntu kernel: PM: hibernation: Registered nosave memory: [mem 0xc0000000-0xffffffff]
Feb 09 07:14:54 ubuntu kernel: [mem 0xc0000000-0xffffffff] available for PCI devices
Feb 09 07:14:54 ubuntu kernel: Booting paravirtualized kernel on KVM
Feb 09 07:14:54 ubuntu kernel: clocksource: refined-jiffies: mask: 0xffffffff max_cycles: 0xffffffff, max_idle_ns: 7645519600211568 ns
Feb 09 07:14:54 ubuntu kernel: setup_percpu: NR_CPUS:8192 nr_cpumask_bits:4 nr_cpu_ids:4 nr_node_ids:1
Feb 09 07:14:54 ubuntu kernel: percpu: Embedded 63 pages/cpu s221184 r8192 d28672 u524288
Feb 09 07:14:54 ubuntu kernel: pcpu-alloc: s221184 r8192 d28672 u524288 alloc=1*2097152
Feb 09 07:14:54 ubuntu kernel: pcpu-alloc: [0] 0 1 2 3 
Feb 09 07:14:54 ubuntu kernel: kvm-guest: PV spinlocks enabled
Feb 09 07:14:54 ubuntu kernel: PV qspinlock hash table entries: 256 (order: 0, 4096 bytes, linear)
Feb 09 07:14:54 ubuntu kernel: Kernel command line: BOOT_IMAGE=/boot/vmlinuz-6.5.0-1016-gcp root=PARTUUID=38bda5b2-b7b5-4876-9867-3c91fd5f3baf ro console=ttyS0,115200 panic=-1
Feb 09 07:14:54 ubuntu kernel: Unknown kernel command line parameters "BOOT_IMAGE=/boot/vmlinuz-6.5.0-1016-gcp", will be passed to user space.
Feb 09 07:14:54 ubuntu kernel: Dentry cache hash table entries: 2097152 (order: 12, 16777216 bytes, linear)
Feb 09 07:14:54 ubuntu kernel: Inode-cache hash table entries: 1048576 (order: 11, 8388608 bytes, linear)
Feb 09 07:14:54 ubuntu kernel: Fallback order for Node 0: 0 
Feb 09 07:14:54 ubuntu kernel: Built 1 zonelists, mobility grouping on.  Total pages: 4125688
Feb 09 07:14:54 ubuntu kernel: Policy zone: Normal
Feb 09 07:14:54 ubuntu kernel: mem auto-init: stack:off, heap alloc:on, heap free:off
Feb 09 07:14:54 ubuntu kernel: software IO TLB: area num 4.
Feb 09 07:14:54 ubuntu kernel: Memory: 16300080K/16773480K available (20480K kernel code, 4307K rwdata, 13444K rodata, 4932K init, 17216K bss, 473140K reserved, 0K cma-reserved)
Feb 09 07:14:54 ubuntu kernel: SLUB: HWalign=64, Order=0-3, MinObjects=0, CPUs=4, Nodes=1
Feb 09 07:14:54 ubuntu kernel: ftrace: allocating 56234 entries in 220 pages
Feb 09 07:14:54 ubuntu kernel: ftrace: allocated 220 pages with 5 groups
Feb 09 07:14:54 ubuntu kernel: rcu: Hierarchical RCU implementation.
Feb 09 07:14:54 ubuntu kernel: rcu:         RCU restricting CPUs from NR_CPUS=8192 to nr_cpu_ids=4.
Feb 09 07:14:54 ubuntu kernel:         Rude variant of Tasks RCU enabled.
Feb 09 07:14:54 ubuntu kernel:         Tracing variant of Tasks RCU enabled.
Feb 09 07:14:54 ubuntu kernel: rcu: RCU calculated value of scheduler-enlistment delay is 25 jiffies.
Feb 09 07:14:54 ubuntu kernel: rcu: Adjusting geometry for rcu_fanout_leaf=16, nr_cpu_ids=4
Feb 09 07:14:54 ubuntu kernel: NR_IRQS: 524544, nr_irqs: 456, preallocated irqs: 16
Feb 09 07:14:54 ubuntu kernel: rcu: srcu_init: Setting srcu_struct sizes based on contention.
Feb 09 07:14:54 ubuntu kernel: Console: colour dummy device 80x25
Feb 09 07:14:54 ubuntu kernel: printk: console [ttyS0] enabled
Feb 09 07:14:54 ubuntu kernel: ACPI: Core revision 20230331
Feb 09 07:14:54 ubuntu kernel: APIC: Switch to symmetric I/O mode setup
Feb 09 07:14:54 ubuntu kernel: x2apic enabled
Feb 09 07:14:54 ubuntu kernel: Switched APIC routing to physical x2apic.
Feb 09 07:14:54 ubuntu kernel: ..TIMER: vector=0x30 apic1=0 pin1=0 apic2=-1 pin2=-1
Feb 09 07:14:54 ubuntu kernel: clocksource: tsc-early: mask: 0xffffffffffffffff max_cycles: 0x285ceab5c76, max_idle_ns: 440795288513 ns
Feb 09 07:14:54 ubuntu kernel: Calibrating delay loop (skipped) preset value.. 5600.36 BogoMIPS (lpj=11200720)
Feb 09 07:14:54 ubuntu kernel: Last level iTLB entries: 4KB 64, 2MB 8, 4MB 8
Feb 09 07:14:54 ubuntu kernel: Last level dTLB entries: 4KB 64, 2MB 0, 4MB 0, 1GB 4
Feb 09 07:14:54 ubuntu kernel: Spectre V1 : Mitigation: usercopy/swapgs barriers and __user pointer sanitization
Feb 09 07:14:54 ubuntu kernel: Spectre V2 : Mitigation: Enhanced / Automatic IBRS
Feb 09 07:14:54 ubuntu kernel: Spectre V2 : Spectre v2 / SpectreRSB mitigation: Filling RSB on context switch
Feb 09 07:14:54 ubuntu kernel: Spectre V2 : Spectre v2 / PBRSB-eIBRS: Retire a single CALL on VMEXIT
Feb 09 07:14:54 ubuntu kernel: RETBleed: Mitigation: Enhanced IBRS
Feb 09 07:14:54 ubuntu kernel: Spectre V2 : mitigation: Enabling conditional Indirect Branch Prediction Barrier
Feb 09 07:14:54 ubuntu kernel: Speculative Store Bypass: Mitigation: Speculative Store Bypass disabled via prctl
Feb 09 07:14:54 ubuntu kernel: TAA: Vulnerable: Clear CPU buffers attempted, no microcode
Feb 09 07:14:54 ubuntu kernel: MMIO Stale Data: Vulnerable: Clear CPU buffers attempted, no microcode
Feb 09 07:14:54 ubuntu kernel: x86/fpu: Supporting XSAVE feature 0x001: 'x87 floating point registers'
Feb 09 07:14:54 ubuntu kernel: x86/fpu: Supporting XSAVE feature 0x002: 'SSE registers'
Feb 09 07:14:54 ubuntu kernel: x86/fpu: Supporting XSAVE feature 0x004: 'AVX registers'
Feb 09 07:14:54 ubuntu kernel: x86/fpu: Supporting XSAVE feature 0x020: 'AVX-512 opmask'
Feb 09 07:14:54 ubuntu kernel: x86/fpu: Supporting XSAVE feature 0x040: 'AVX-512 Hi256'
Feb 09 07:14:54 ubuntu kernel: x86/fpu: Supporting XSAVE feature 0x080: 'AVX-512 ZMM_Hi256'
Feb 09 07:14:54 ubuntu kernel: x86/fpu: xstate_offset[2]:  576, xstate_sizes[2]:  256
Feb 09 07:14:54 ubuntu kernel: x86/fpu: xstate_offset[5]:  832, xstate_sizes[5]:   64
Feb 09 07:14:54 ubuntu kernel: x86/fpu: xstate_offset[6]:  896, xstate_sizes[6]:  512
Feb 09 07:14:54 ubuntu kernel: x86/fpu: xstate_offset[7]: 1408, xstate_sizes[7]: 1024
Feb 09 07:14:54 ubuntu kernel: x86/fpu: Enabled xstate features 0xe7, context size is 2432 bytes, using 'compacted' format.
Feb 09 07:14:54 ubuntu kernel: Freeing SMP alternatives memory: 44K
Feb 09 07:14:54 ubuntu kernel: pid_max: default: 32768 minimum: 301
Feb 09 07:14:54 ubuntu kernel: LSM: initializing lsm=lockdown,capability,landlock,yama,apparmor,integrity
Feb 09 07:14:54 ubuntu kernel: landlock: Up and running.
Feb 09 07:14:54 ubuntu kernel: Yama: becoming mindful.
Feb 09 07:14:54 ubuntu kernel: AppArmor: AppArmor initialized
Feb 09 07:14:54 ubuntu kernel: Mount-cache hash table entries: 32768 (order: 6, 262144 bytes, linear)
Feb 09 07:14:54 ubuntu kernel: Mountpoint-cache hash table entries: 32768 (order: 6, 262144 bytes, linear)
Feb 09 07:14:54 ubuntu kernel: smpboot: CPU0: Intel(R) Xeon(R) CPU @ 2.80GHz (family: 0x6, model: 0x55, stepping: 0x7)
Feb 09 07:14:54 ubuntu kernel: RCU Tasks Rude: Setting shift to 2 and lim to 1 rcu_task_cb_adjust=1.
Feb 09 07:14:54 ubuntu kernel: RCU Tasks Trace: Setting shift to 2 and lim to 1 rcu_task_cb_adjust=1.
Feb 09 07:14:54 ubuntu kernel: Performance Events: unsupported p6 CPU model 85 no PMU driver, software events only.
Feb 09 07:14:54 ubuntu kernel: signal: max sigframe size: 3632
Feb 09 07:14:54 ubuntu kernel: rcu: Hierarchical SRCU implementation.
Feb 09 07:14:54 ubuntu kernel: rcu:         Max phase no-delay instances is 1000.
Feb 09 07:14:54 ubuntu kernel: NMI watchdog: Perf NMI watchdog permanently disabled
Feb 09 07:14:54 ubuntu kernel: smp: Bringing up secondary CPUs ...
Feb 09 07:14:54 ubuntu kernel: smpboot: x86: Booting SMP configuration:
Feb 09 07:14:54 ubuntu kernel: .... node  #0, CPUs:      #1 #2 #3
Feb 09 07:14:54 ubuntu kernel: TAA CPU bug present and SMT on, data leak possible. See https://www.kernel.org/doc/html/latest/admin-guide/hw-vuln/tsx_async_abort.html for more details.
Feb 09 07:14:54 ubuntu kernel: MMIO Stale Data CPU bug present and SMT on, data leak possible. See https://www.kernel.org/doc/html/latest/admin-guide/hw-vuln/processor_mmio_stale_data.html for more details.
Feb 09 07:14:54 ubuntu kernel: smp: Brought up 1 node, 4 CPUs
Feb 09 07:14:54 ubuntu kernel: smpboot: Max logical packages: 1
Feb 09 07:14:54 ubuntu kernel: smpboot: Total of 4 processors activated (22401.44 BogoMIPS)
Feb 09 07:14:54 ubuntu kernel: devtmpfs: initialized
Feb 09 07:14:54 ubuntu kernel: x86/mm: Memory block size: 128MB
Feb 09 07:14:54 ubuntu kernel: ACPI: PM: Registering ACPI NVS region [mem 0xbfb7f000-0xbfbfefff] (524288 bytes)
Feb 09 07:14:54 ubuntu kernel: clocksource: jiffies: mask: 0xffffffff max_cycles: 0xffffffff, max_idle_ns: 7645041785100000 ns
Feb 09 07:14:54 ubuntu kernel: futex hash table entries: 1024 (order: 4, 65536 bytes, linear)
Feb 09 07:14:54 ubuntu kernel: pinctrl core: initialized pinctrl subsystem
Feb 09 07:14:54 ubuntu kernel: PM: RTC time: 07:14:51, date: 2026-02-09
Feb 09 07:14:54 ubuntu kernel: NET: Registered PF_NETLINK/PF_ROUTE protocol family
Feb 09 07:14:54 ubuntu kernel: DMA: preallocated 2048 KiB GFP_KERNEL pool for atomic allocations
Feb 09 07:14:54 ubuntu kernel: DMA: preallocated 2048 KiB GFP_KERNEL|GFP_DMA pool for atomic allocations
Feb 09 07:14:54 ubuntu kernel: DMA: preallocated 2048 KiB GFP_KERNEL|GFP_DMA32 pool for atomic allocations
Feb 09 07:14:54 ubuntu kernel: audit: initializing netlink subsys (disabled)
Feb 09 07:14:54 ubuntu kernel: audit: type=2000 audit(1770621291.730:1): state=initialized audit_enabled=0 res=1
Feb 09 07:14:54 ubuntu kernel: thermal_sys: Registered thermal governor 'fair_share'
Feb 09 07:14:54 ubuntu kernel: thermal_sys: Registered thermal governor 'bang_bang'
Feb 09 07:14:54 ubuntu kernel: thermal_sys: Registered thermal governor 'step_wise'
Feb 09 07:14:54 ubuntu kernel: thermal_sys: Registered thermal governor 'user_space'
Feb 09 07:14:54 ubuntu kernel: thermal_sys: Registered thermal governor 'power_allocator'
Feb 09 07:14:54 ubuntu kernel: EISA bus registered
Feb 09 07:14:54 ubuntu kernel: cpuidle: using governor ladder
Feb 09 07:14:54 ubuntu kernel: cpuidle: using governor menu
Feb 09 07:14:54 ubuntu kernel: acpiphp: ACPI Hot Plug PCI Controller Driver version: 0.5
Feb 09 07:14:54 ubuntu kernel: PCI: Using configuration type 1 for base access
Feb 09 07:14:54 ubuntu kernel: kprobes: kprobe jump-optimization is enabled. All kprobes are optimized if possible.
Feb 09 07:14:54 ubuntu kernel: HugeTLB: registered 1.00 GiB page size, pre-allocated 0 pages
Feb 09 07:14:54 ubuntu kernel: HugeTLB: 16380 KiB vmemmap can be freed for a 1.00 GiB page
Feb 09 07:14:54 ubuntu kernel: HugeTLB: registered 2.00 MiB page size, pre-allocated 0 pages
Feb 09 07:14:54 ubuntu kernel: HugeTLB: 28 KiB vmemmap can be freed for a 2.00 MiB page
Feb 09 07:14:54 ubuntu kernel: ACPI: Added _OSI(Module Device)
Feb 09 07:14:54 ubuntu kernel: ACPI: Added _OSI(Processor Device)
Feb 09 07:14:54 ubuntu kernel: ACPI: Added _OSI(3.0 _SCP Extensions)
Feb 09 07:14:54 ubuntu kernel: ACPI: Added _OSI(Processor Aggregator Device)
Feb 09 07:14:54 ubuntu kernel: ACPI: 3 ACPI AML tables successfully acquired and loaded
Feb 09 07:14:54 ubuntu kernel: ACPI: Interpreter enabled
Feb 09 07:14:54 ubuntu kernel: ACPI: PM: (supports S0 S3 S4 S5)
Feb 09 07:14:54 ubuntu kernel: ACPI: Using IOAPIC for interrupt routing
Feb 09 07:14:54 ubuntu kernel: PCI: Using host bridge windows from ACPI; if necessary, use "pci=nocrs" and report a bug
Feb 09 07:14:54 ubuntu kernel: PCI: Ignoring E820 reservations for host bridge windows
Feb 09 07:14:54 ubuntu kernel: ACPI: Enabled 16 GPEs in block 00 to 0F
Feb 09 07:14:54 ubuntu kernel: ACPI: PCI Root Bridge [PCI0] (domain 0000 [bus 00-ff])
Feb 09 07:14:54 ubuntu kernel: acpi PNP0A03:00: _OSC: OS supports [ASPM ClockPM Segments MSI EDR HPX-Type3]
Feb 09 07:14:54 ubuntu kernel: acpi PNP0A03:00: _OSC: not requesting OS control; OS requires [ExtendedConfig ASPM ClockPM MSI]
Feb 09 07:14:54 ubuntu kernel: acpi PNP0A03:00: fail to add MMCONFIG information, can't access extended configuration space under this bridge
Feb 09 07:14:54 ubuntu kernel: PCI host bridge to bus 0000:00
Feb 09 07:14:54 ubuntu kernel: pci_bus 0000:00: root bus resource [io  0x0000-0x0cf7 window]
Feb 09 07:14:54 ubuntu kernel: pci_bus 0000:00: root bus resource [io  0x0d00-0xffff window]
Feb 09 07:14:54 ubuntu kernel: pci_bus 0000:00: root bus resource [mem 0x000a0000-0x000bffff window]
Feb 09 07:14:54 ubuntu kernel: pci_bus 0000:00: root bus resource [mem 0xc0000000-0xfebfefff window]
Feb 09 07:14:54 ubuntu kernel: pci_bus 0000:00: root bus resource [bus 00-ff]
Feb 09 07:14:54 ubuntu kernel: pci 0000:00:00.0: [8086:1237] type 00 class 0x060000
Feb 09 07:14:54 ubuntu kernel: pci 0000:00:01.0: [8086:7110] type 00 class 0x060100
Feb 09 07:14:54 ubuntu kernel: pci 0000:00:01.3: [8086:7113] type 00 class 0x068000
Feb 09 07:14:54 ubuntu kernel: pci 0000:00:01.3: quirk: [io  0xb000-0xb03f] claimed by PIIX4 ACPI
Feb 09 07:14:54 ubuntu kernel: pci 0000:00:03.0: [1af4:1004] type 00 class 0x000000
Feb 09 07:14:54 ubuntu kernel: pci 0000:00:03.0: reg 0x10: [io  0xc040-0xc07f]
Feb 09 07:14:54 ubuntu kernel: pci 0000:00:03.0: reg 0x14: [mem 0xc0102000-0xc010207f]
Feb 09 07:14:54 ubuntu kernel: pci 0000:00:04.0: [1ae0:001f] type 00 class 0x010802
Feb 09 07:14:54 ubuntu kernel: pci 0000:00:04.0: reg 0x10: [mem 0xc0000000-0xc0003fff 64bit]
Feb 09 07:14:54 ubuntu kernel: pci 0000:00:04.0: reg 0x20: [mem 0xc0100000-0xc01001ff]
Feb 09 07:14:54 ubuntu kernel: pci 0000:00:05.0: [1af4:1000] type 00 class 0x020000
Feb 09 07:14:54 ubuntu kernel: pci 0000:00:05.0: reg 0x10: [io  0xc000-0xc03f]
Feb 09 07:14:54 ubuntu kernel: pci 0000:00:05.0: reg 0x14: [mem 0xc0101000-0xc01010ff]
Feb 09 07:14:54 ubuntu kernel: pci 0000:00:06.0: [1af4:1005] type 00 class 0x00ff00
Feb 09 07:14:54 ubuntu kernel: pci 0000:00:06.0: reg 0x10: [io  0xc080-0xc09f]
Feb 09 07:14:54 ubuntu kernel: pci 0000:00:06.0: reg 0x14: [mem 0xc0103000-0xc010303f]
Feb 09 07:14:54 ubuntu kernel: ACPI: PCI: Interrupt link LNKA configured for IRQ 10
Feb 09 07:14:54 ubuntu kernel: ACPI: PCI: Interrupt link LNKB configured for IRQ 10
Feb 09 07:14:54 ubuntu kernel: ACPI: PCI: Interrupt link LNKC configured for IRQ 11
Feb 09 07:14:54 ubuntu kernel: ACPI: PCI: Interrupt link LNKD configured for IRQ 11
Feb 09 07:14:54 ubuntu kernel: ACPI: PCI: Interrupt link LNKS configured for IRQ 9
Feb 09 07:14:54 ubuntu kernel: iommu: Default domain type: Translated
Feb 09 07:14:54 ubuntu kernel: iommu: DMA domain TLB invalidation policy: lazy mode
Feb 09 07:14:54 ubuntu kernel: SCSI subsystem initialized
Feb 09 07:14:54 ubuntu kernel: libata version 3.00 loaded.
Feb 09 07:14:54 ubuntu kernel: ACPI: bus type USB registered
Feb 09 07:14:54 ubuntu kernel: usbcore: registered new interface driver usbfs
Feb 09 07:14:54 ubuntu kernel: usbcore: registered new interface driver hub
Feb 09 07:14:54 ubuntu kernel: usbcore: registered new device driver usb
Feb 09 07:14:54 ubuntu kernel: pps_core: LinuxPPS API ver. 1 registered
Feb 09 07:14:54 ubuntu kernel: pps_core: Software ver. 5.3.6 - Copyright 2005-2007 Rodolfo Giometti <giometti@linux.it>
Feb 09 07:14:54 ubuntu kernel: PTP clock support registered
Feb 09 07:14:54 ubuntu kernel: EDAC MC: Ver: 3.0.0
Feb 09 07:14:54 ubuntu kernel: efivars: Registered efivars operations
Feb 09 07:14:54 ubuntu kernel: NetLabel: Initializing
Feb 09 07:14:54 ubuntu kernel: NetLabel:  domain hash size = 128
Feb 09 07:14:54 ubuntu kernel: NetLabel:  protocols = UNLABELED CIPSOv4 CALIPSO
Feb 09 07:14:54 ubuntu kernel: NetLabel:  unlabeled traffic allowed by default
Feb 09 07:14:54 ubuntu kernel: mctp: management component transport protocol core
Feb 09 07:14:54 ubuntu kernel: NET: Registered PF_MCTP protocol family
Feb 09 07:14:54 ubuntu kernel: PCI: Using ACPI for IRQ routing
Feb 09 07:14:54 ubuntu kernel: PCI: pci_cache_line_size set to 64 bytes
Feb 09 07:14:54 ubuntu kernel: e820: reserve RAM buffer [mem 0x00055000-0x0005ffff]
Feb 09 07:14:54 ubuntu kernel: e820: reserve RAM buffer [mem 0x00098000-0x0009ffff]
Feb 09 07:14:54 ubuntu kernel: e820: reserve RAM buffer [mem 0xbf8ed000-0xbfffffff]
Feb 09 07:14:54 ubuntu kernel: e820: reserve RAM buffer [mem 0xbffe0000-0xbfffffff]
Feb 09 07:14:54 ubuntu kernel: vgaarb: loaded
Feb 09 07:14:54 ubuntu kernel: clocksource: Switched to clocksource kvm-clock
Feb 09 07:14:54 ubuntu kernel: VFS: Disk quotas dquot_6.6.0
Feb 09 07:14:54 ubuntu kernel: VFS: Dquot-cache hash table entries: 512 (order 0, 4096 bytes)
Feb 09 07:14:54 ubuntu kernel: AppArmor: AppArmor Filesystem Enabled
Feb 09 07:14:54 ubuntu kernel: pnp: PnP ACPI init
Feb 09 07:14:54 ubuntu kernel: pnp: PnP ACPI: found 7 devices
Feb 09 07:14:54 ubuntu kernel: clocksource: acpi_pm: mask: 0xffffff max_cycles: 0xffffff, max_idle_ns: 2085701024 ns
Feb 09 07:14:54 ubuntu kernel: NET: Registered PF_INET protocol family
Feb 09 07:14:54 ubuntu kernel: IP idents hash table entries: 262144 (order: 9, 2097152 bytes, linear)
Feb 09 07:14:54 ubuntu kernel: tcp_listen_portaddr_hash hash table entries: 8192 (order: 5, 131072 bytes, linear)
Feb 09 07:14:54 ubuntu kernel: Table-perturb hash table entries: 65536 (order: 6, 262144 bytes, linear)
Feb 09 07:14:54 ubuntu kernel: TCP established hash table entries: 131072 (order: 8, 1048576 bytes, linear)
Feb 09 07:14:54 ubuntu kernel: TCP bind hash table entries: 65536 (order: 9, 2097152 bytes, linear)
Feb 09 07:14:54 ubuntu kernel: TCP: Hash tables configured (established 131072 bind 65536)
Feb 09 07:14:54 ubuntu kernel: MPTCP token hash table entries: 16384 (order: 6, 393216 bytes, linear)
Feb 09 07:14:54 ubuntu kernel: UDP hash table entries: 8192 (order: 6, 262144 bytes, linear)
Feb 09 07:14:54 ubuntu kernel: UDP-Lite hash table entries: 8192 (order: 6, 262144 bytes, linear)
Feb 09 07:14:54 ubuntu kernel: NET: Registered PF_UNIX/PF_LOCAL protocol family
Feb 09 07:14:54 ubuntu kernel: NET: Registered PF_XDP protocol family
Feb 09 07:14:54 ubuntu kernel: pci_bus 0000:00: resource 4 [io  0x0000-0x0cf7 window]
Feb 09 07:14:54 ubuntu kernel: pci_bus 0000:00: resource 5 [io  0x0d00-0xffff window]
Feb 09 07:14:54 ubuntu kernel: pci_bus 0000:00: resource 6 [mem 0x000a0000-0x000bffff window]
Feb 09 07:14:54 ubuntu kernel: pci_bus 0000:00: resource 7 [mem 0xc0000000-0xfebfefff window]
Feb 09 07:14:54 ubuntu kernel: pci 0000:00:00.0: Limiting direct PCI/PCI transfers
Feb 09 07:14:54 ubuntu kernel: PCI: CLS 0 bytes, default 64
Feb 09 07:14:54 ubuntu kernel: PCI-DMA: Using software bounce buffering for IO (SWIOTLB)
Feb 09 07:14:54 ubuntu kernel: software IO TLB: mapped [mem 0x00000000b7f7f000-0x00000000bbf7f000] (64MB)
Feb 09 07:14:54 ubuntu kernel: clocksource: tsc: mask: 0xffffffffffffffff max_cycles: 0x285ceab5c76, max_idle_ns: 440795288513 ns
Feb 09 07:14:54 ubuntu kernel: clocksource: Switched to clocksource tsc
Feb 09 07:14:54 ubuntu kernel: Initialise system trusted keyrings
Feb 09 07:14:54 ubuntu kernel: Key type blacklist registered
Feb 09 07:14:54 ubuntu kernel: workingset: timestamp_bits=36 max_order=22 bucket_order=0
Feb 09 07:14:54 ubuntu kernel: zbud: loaded
Feb 09 07:14:54 ubuntu kernel: squashfs: version 4.0 (2009/01/31) Phillip Lougher
Feb 09 07:14:54 ubuntu kernel: fuse: init (API version 7.38)
Feb 09 07:14:54 ubuntu kernel: integrity: Platform Keyring initialized
Feb 09 07:14:54 ubuntu kernel: integrity: Machine keyring initialized
Feb 09 07:14:54 ubuntu kernel: Key type asymmetric registered
Feb 09 07:14:54 ubuntu kernel: Asymmetric key parser 'x509' registered
Feb 09 07:14:54 ubuntu kernel: Block layer SCSI generic (bsg) driver version 0.4 loaded (major 243)
Feb 09 07:14:54 ubuntu kernel: io scheduler mq-deadline registered
Feb 09 07:14:54 ubuntu kernel: shpchp: Standard Hot Plug PCI Controller Driver version: 0.4
Feb 09 07:14:54 ubuntu kernel: input: Power Button as /devices/LNXSYSTM:00/LNXPWRBN:00/input/input0
Feb 09 07:14:54 ubuntu kernel: ACPI: button: Power Button [PWRF]
Feb 09 07:14:54 ubuntu kernel: input: Sleep Button as /devices/LNXSYSTM:00/LNXSLPBN:00/input/input1
Feb 09 07:14:54 ubuntu kernel: ACPI: button: Sleep Button [SLPF]
Feb 09 07:14:54 ubuntu kernel: ACPI: \_SB_.LNKC: Enabled at IRQ 11
Feb 09 07:14:54 ubuntu kernel: virtio-pci 0000:00:03.0: virtio_pci: leaving for legacy driver
Feb 09 07:14:54 ubuntu kernel: ACPI: \_SB_.LNKA: Enabled at IRQ 10
Feb 09 07:14:54 ubuntu kernel: virtio-pci 0000:00:05.0: virtio_pci: leaving for legacy driver
Feb 09 07:14:54 ubuntu kernel: ACPI: \_SB_.LNKB: Enabled at IRQ 10
Feb 09 07:14:54 ubuntu kernel: virtio-pci 0000:00:06.0: virtio_pci: leaving for legacy driver
Feb 09 07:14:54 ubuntu kernel: Serial: 8250/16550 driver, 32 ports, IRQ sharing enabled
Feb 09 07:14:54 ubuntu kernel: 00:03: ttyS0 at I/O 0x3f8 (irq = 4, base_baud = 115200) is a 16550A
Feb 09 07:14:54 ubuntu kernel: 00:04: ttyS1 at I/O 0x2f8 (irq = 3, base_baud = 115200) is a 16550A
Feb 09 07:14:54 ubuntu kernel: 00:05: ttyS2 at I/O 0x3e8 (irq = 6, base_baud = 115200) is a 16550A
Feb 09 07:14:54 ubuntu kernel: 00:06: ttyS3 at I/O 0x2e8 (irq = 7, base_baud = 115200) is a 16550A
Feb 09 07:14:54 ubuntu kernel: Linux agpgart interface v0.103
Feb 09 07:14:54 ubuntu kernel: tpm_tis MSFT0101:00: 2.0 TPM (device-id 0x9009, rev-id 0)
Feb 09 07:14:54 ubuntu kernel: loop: module loaded
Feb 09 07:14:54 ubuntu kernel: scsi host0: Virtio SCSI HBA
Feb 09 07:14:54 ubuntu kernel: blk-mq: reduced tag depth to 10240
Feb 09 07:14:54 ubuntu kernel: scsi 0:0:1:0: Direct-Access     Google   PersistentDisk   1    PQ: 0 ANSI: 6
Feb 09 07:14:54 ubuntu kernel: nvme nvme0: pci function 0000:00:04.0
Feb 09 07:14:54 ubuntu kernel: tun: Universal TUN/TAP device driver, 1.6
Feb 09 07:14:54 ubuntu kernel: ACPI: \_SB_.LNKD: Enabled at IRQ 11
Feb 09 07:14:54 ubuntu kernel: PPP generic driver version 2.4.2
Feb 09 07:14:54 ubuntu kernel: i8042: PNP: PS/2 Controller [PNP0303:KBD,PNP0f13:MOU] at 0x60,0x64 irq 1,12
Feb 09 07:14:54 ubuntu kernel: i8042: Warning: Keylock active
Feb 09 07:14:54 ubuntu kernel: serio: i8042 KBD port at 0x60,0x64 irq 1
Feb 09 07:14:54 ubuntu kernel: serio: i8042 AUX port at 0x60,0x64 irq 12
Feb 09 07:14:54 ubuntu kernel: nvme nvme0: 4/0/0 default/read/poll queues
Feb 09 07:14:54 ubuntu kernel: mousedev: PS/2 mouse device common for all mice
Feb 09 07:14:54 ubuntu kernel: scsi 0:0:1:0: Attached scsi generic sg0 type 0
Feb 09 07:14:54 ubuntu kernel: sd 0:0:1:0: [sda] 67108864 512-byte logical blocks: (34.4 GB/32.0 GiB)
Feb 09 07:14:54 ubuntu kernel: sd 0:0:1:0: [sda] 4096-byte physical blocks
Feb 09 07:14:54 ubuntu kernel: sd 0:0:1:0: [sda] Write Protect is off
Feb 09 07:14:54 ubuntu kernel: sd 0:0:1:0: [sda] Mode Sense: 1f 00 00 08
Feb 09 07:14:54 ubuntu kernel: sd 0:0:1:0: [sda] Write cache: enabled, read cache: enabled, doesn't support DPO or FUA
Feb 09 07:14:54 ubuntu kernel: rtc_cmos 00:00: RTC can wake from S4
Feb 09 07:14:54 ubuntu kernel: GPT:Primary header thinks Alt. header is not at the end of the disk.
Feb 09 07:14:54 ubuntu kernel: rtc_cmos 00:00: registered as rtc0
Feb 09 07:14:54 ubuntu kernel: GPT:8388607 != 67108863
Feb 09 07:14:54 ubuntu kernel: rtc_cmos 00:00: setting system clock to 2026-02-09T07:14:52 UTC (1770621292)
Feb 09 07:14:54 ubuntu kernel: GPT:Alternate GPT header not at the end of the disk.
Feb 09 07:14:54 ubuntu kernel: rtc_cmos 00:00: alarms up to one day, 114 bytes nvram
Feb 09 07:14:54 ubuntu kernel: GPT:8388607 != 67108863
Feb 09 07:14:54 ubuntu kernel: i2c_dev: i2c /dev entries driver
Feb 09 07:14:54 ubuntu kernel: GPT: Use GNU Parted to correct GPT errors.
Feb 09 07:14:54 ubuntu kernel: device-mapper: core: CONFIG_IMA_DISABLE_HTABLE is disabled. Duplicate IMA measurements will not be recorded in the IMA log.
Feb 09 07:14:54 ubuntu kernel:  sda: sda1 sda14 sda15
Feb 09 07:14:54 ubuntu kernel: device-mapper: uevent: version 1.0.3
Feb 09 07:14:54 ubuntu kernel: device-mapper: ioctl: 4.48.0-ioctl (2023-03-01) initialised: dm-devel@redhat.com
Feb 09 07:14:54 ubuntu kernel: sd 0:0:1:0: [sda] Attached SCSI disk
Feb 09 07:14:54 ubuntu kernel: platform eisa.0: Probing EISA bus 0
Feb 09 07:14:54 ubuntu kernel: platform eisa.0: EISA: Cannot allocate resource for mainboard
Feb 09 07:14:54 ubuntu kernel: platform eisa.0: Cannot allocate resource for EISA slot 1
Feb 09 07:14:54 ubuntu kernel: platform eisa.0: Cannot allocate resource for EISA slot 2
Feb 09 07:14:54 ubuntu kernel: platform eisa.0: Cannot allocate resource for EISA slot 3
Feb 09 07:14:54 ubuntu kernel: platform eisa.0: Cannot allocate resource for EISA slot 4
Feb 09 07:14:54 ubuntu kernel: platform eisa.0: Cannot allocate resource for EISA slot 5
Feb 09 07:14:54 ubuntu kernel: platform eisa.0: Cannot allocate resource for EISA slot 6
Feb 09 07:14:54 ubuntu kernel: platform eisa.0: Cannot allocate resource for EISA slot 7
Feb 09 07:14:54 ubuntu kernel: platform eisa.0: Cannot allocate resource for EISA slot 8
Feb 09 07:14:54 ubuntu kernel: platform eisa.0: EISA: Detected 0 cards
Feb 09 07:14:54 ubuntu kernel: intel_pstate: CPU model not supported
Feb 09 07:14:54 ubuntu kernel: ledtrig-cpu: registered to indicate activity on CPUs
Feb 09 07:14:54 ubuntu kernel: drop_monitor: Initializing network drop monitor service
Feb 09 07:14:54 ubuntu kernel: NET: Registered PF_INET6 protocol family
Feb 09 07:14:54 ubuntu kernel: Segment Routing with IPv6
Feb 09 07:14:54 ubuntu kernel: In-situ OAM (IOAM) with IPv6
Feb 09 07:14:54 ubuntu kernel: NET: Registered PF_PACKET protocol family
Feb 09 07:14:54 ubuntu kernel: Key type dns_resolver registered
Feb 09 07:14:54 ubuntu kernel: No MBM correction factor available
Feb 09 07:14:54 ubuntu kernel: IPI shorthand broadcast: enabled
Feb 09 07:14:54 ubuntu kernel: sched_clock: Marking stable (936173665, 125642636)->(1062774402, -958101)
Feb 09 07:14:54 ubuntu kernel: registered taskstats version 1
Feb 09 07:14:54 ubuntu kernel: Loading compiled-in X.509 certificates
Feb 09 07:14:54 ubuntu kernel: Loaded X.509 cert 'Build time autogenerated kernel key: abe90ad19f71507f0b53db97786d52de33b9f932'
Feb 09 07:14:54 ubuntu kernel: Loaded X.509 cert 'Canonical Ltd. Live Patch Signing: 14df34d1a87cf37625abec039ef2bf521249b969'
Feb 09 07:14:54 ubuntu kernel: Loaded X.509 cert 'Canonical Ltd. Kernel Module Signing: 88f752e560a1e0737e31163a466ad7b70a850c19'
Feb 09 07:14:54 ubuntu kernel: blacklist: Loading compiled-in revocation X.509 certificates
Feb 09 07:14:54 ubuntu kernel: Loaded X.509 cert 'Canonical Ltd. Secure Boot Signing: 61482aa2830d0ab2ad5af10b7250da9033ddcef0'
Feb 09 07:14:54 ubuntu kernel: Loaded X.509 cert 'Canonical Ltd. Secure Boot Signing (2017): 242ade75ac4a15e50d50c84b0d45ff3eae707a03'
Feb 09 07:14:54 ubuntu kernel: Loaded X.509 cert 'Canonical Ltd. Secure Boot Signing (ESM 2018): 365188c1d374d6b07c3c8f240f8ef722433d6a8b'
Feb 09 07:14:54 ubuntu kernel: Loaded X.509 cert 'Canonical Ltd. Secure Boot Signing (2019): c0746fd6c5da3ae827864651ad66ae47fe24b3e8'
Feb 09 07:14:54 ubuntu kernel: Loaded X.509 cert 'Canonical Ltd. Secure Boot Signing (2021 v1): a8d54bbb3825cfb94fa13c9f8a594a195c107b8d'
Feb 09 07:14:54 ubuntu kernel: Loaded X.509 cert 'Canonical Ltd. Secure Boot Signing (2021 v2): 4cf046892d6fd3c9a5b03f98d845f90851dc6a8c'
Feb 09 07:14:54 ubuntu kernel: Loaded X.509 cert 'Canonical Ltd. Secure Boot Signing (2021 v3): 100437bb6de6e469b581e61cd66bce3ef4ed53af'
Feb 09 07:14:54 ubuntu kernel: Loaded X.509 cert 'Canonical Ltd. Secure Boot Signing (Ubuntu Core 2019): c1d57b8f6b743f23ee41f4f7ee292f06eecadfb9'
Feb 09 07:14:54 ubuntu kernel: Key type .fscrypt registered
Feb 09 07:14:54 ubuntu kernel: Key type fscrypt-provisioning registered
Feb 09 07:14:54 ubuntu kernel: Key type trusted registered
Feb 09 07:14:54 ubuntu kernel: Key type encrypted registered
Feb 09 07:14:54 ubuntu kernel: AppArmor: AppArmor sha1 policy hashing enabled
Feb 09 07:14:54 ubuntu kernel: integrity: Loading X.509 certificate: UEFI:db
Feb 09 07:14:54 ubuntu kernel: integrity: Loaded X.509 cert 'Microsoft Corporation UEFI CA 2011: 13adbf4309bd82709c8cd54f316ed522988a1bd4'
Feb 09 07:14:54 ubuntu kernel: integrity: Loading X.509 certificate: UEFI:db
Feb 09 07:14:54 ubuntu kernel: integrity: Loaded X.509 cert 'Microsoft Windows Production PCA 2011: a92902398e16c49778cd90f99e4f9ae17c55af53'
Feb 09 07:14:54 ubuntu kernel: integrity: Loading X.509 certificate: UEFI:db
Feb 09 07:14:54 ubuntu kernel: integrity: Loaded X.509 cert 'Microsoft Corporation: Windows UEFI CA 2023: aefc5fbbbe055d8f8daa585473499417ab5a5272'
Feb 09 07:14:54 ubuntu kernel: integrity: Loading X.509 certificate: UEFI:db
Feb 09 07:14:54 ubuntu kernel: integrity: Loaded X.509 cert 'Microsoft UEFI CA 2023: 81aa6b3244c935bce0d6628af39827421e32497d'
Feb 09 07:14:54 ubuntu kernel: Loading compiled-in module X.509 certificates
Feb 09 07:14:54 ubuntu kernel: Loaded X.509 cert 'Build time autogenerated kernel key: abe90ad19f71507f0b53db97786d52de33b9f932'
Feb 09 07:14:54 ubuntu kernel: ima: Allocated hash algorithm: sha1
Feb 09 07:14:54 ubuntu kernel: ima: No architecture policies found
Feb 09 07:14:54 ubuntu kernel: evm: Initialising EVM extended attributes:
Feb 09 07:14:54 ubuntu kernel: evm: security.selinux
Feb 09 07:14:54 ubuntu kernel: evm: security.SMACK64
Feb 09 07:14:54 ubuntu kernel: evm: security.SMACK64EXEC
Feb 09 07:14:54 ubuntu kernel: evm: security.SMACK64TRANSMUTE
Feb 09 07:14:54 ubuntu kernel: evm: security.SMACK64MMAP
Feb 09 07:14:54 ubuntu kernel: evm: security.apparmor
Feb 09 07:14:54 ubuntu kernel: evm: security.ima
Feb 09 07:14:54 ubuntu kernel: evm: security.capability
Feb 09 07:14:54 ubuntu kernel: evm: HMAC attrs: 0x1
Feb 09 07:14:54 ubuntu kernel: PM:   Magic number: 14:558:217
Feb 09 07:14:54 ubuntu kernel: RAS: Correctable Errors collector initialized.
Feb 09 07:14:54 ubuntu kernel: clk: Disabling unused clocks
Feb 09 07:14:54 ubuntu kernel: input: AT Translated Set 2 keyboard as /devices/platform/i8042/serio0/input/input2
Feb 09 07:14:54 ubuntu kernel: md: Waiting for all devices to be available before autodetect
Feb 09 07:14:54 ubuntu kernel: md: If you don't use raid, use raid=noautodetect
Feb 09 07:14:54 ubuntu kernel: md: Autodetecting RAID arrays.
Feb 09 07:14:54 ubuntu kernel: md: autorun ...
Feb 09 07:14:54 ubuntu kernel: md: ... autorun DONE.
Feb 09 07:14:54 ubuntu kernel: EXT4-fs (sda1): mounted filesystem 36052aa8-c68b-4bb5-a801-cbfc30d3d800 ro with ordered data mode. Quota mode: none.
Feb 09 07:14:54 ubuntu kernel: VFS: Mounted root (ext4 filesystem) readonly on device 8:1.
Feb 09 07:14:54 ubuntu kernel: devtmpfs: mounted
Feb 09 07:14:54 ubuntu kernel: Freeing unused decrypted memory: 2036K
Feb 09 07:14:54 ubuntu kernel: Freeing unused kernel image (initmem) memory: 4932K
Feb 09 07:14:54 ubuntu kernel: Write protecting the kernel read-only data: 34816k
Feb 09 07:14:54 ubuntu kernel: Freeing unused kernel image (rodata/data gap) memory: 892K
Feb 09 07:14:54 ubuntu kernel: x86/mm: Checked W+X mappings: passed, no W+X pages found.
Feb 09 07:14:54 ubuntu kernel: Run /sbin/init as init process
Feb 09 07:14:54 ubuntu kernel:   with arguments:
Feb 09 07:14:54 ubuntu kernel:     /sbin/init
Feb 09 07:14:54 ubuntu kernel:   with environment:
Feb 09 07:14:54 ubuntu kernel:     HOME=/
Feb 09 07:14:54 ubuntu kernel:     TERM=linux
Feb 09 07:14:54 ubuntu kernel:     BOOT_IMAGE=/boot/vmlinuz-6.5.0-1016-gcp
Feb 09 07:14:54 ubuntu systemd[1]: Inserted module 'autofs4'
Feb 09 07:14:54 ubuntu systemd[1]: systemd 249.11-0ubuntu3.12 running in system mode (+PAM +AUDIT +SELINUX +APPARMOR +IMA +SMACK +SECCOMP +GCRYPT +GNUTLS +OPENSSL +ACL +BLKID +CURL +ELFUTILS +FIDO2 +IDN2 -IDN +IPTC +KMOD +LIBCRYPTSETUP +LIBFDISK +PCRE2 -PWQUALITY -P11KIT -QRENCODE +BZIP2 +LZ4 +XZ +ZLIB +ZSTD -XKBCOMMON +UTMP +SYSVINIT default-hierarchy=unified)
Feb 09 07:14:54 ubuntu systemd[1]: Detected virtualization kvm.
Feb 09 07:14:54 ubuntu systemd[1]: Detected architecture x86-64.
Feb 09 07:14:54 ubuntu systemd[1]: Hostname set to <ubuntu>.
Feb 09 07:14:54 ubuntu systemd[1]: Initializing machine ID from VM UUID.
Feb 09 07:14:54 ubuntu systemd[1]: Installed transient /etc/machine-id file.
Feb 09 07:14:54 ubuntu kernel: systemd[1]: memfd_create() called without MFD_EXEC or MFD_NOEXEC_SEAL set
Feb 09 07:14:54 ubuntu kernel: block sda: the capability attribute has been deprecated.
Feb 09 07:14:54 ubuntu systemd[1]: Queued start job for default target Graphical Interface.
Feb 09 07:14:54 ubuntu systemd[1]: Created slice Slice /system/modprobe.
Feb 09 07:14:54 ubuntu systemd[1]: Created slice Slice /system/serial-getty.
Feb 09 07:14:54 ubuntu systemd[1]: Created slice Slice /system/systemd-fsck.
Feb 09 07:14:54 ubuntu systemd[1]: Created slice User and Session Slice.
Feb 09 07:14:54 ubuntu systemd[1]: Started Forward Password Requests to Wall Directory Watch.
Feb 09 07:14:54 ubuntu systemd[1]: Set up automount Arbitrary Executable File Formats File System Automount Point.
Feb 09 07:14:54 ubuntu systemd[1]: Reached target Slice Units.
Feb 09 07:14:54 ubuntu systemd[1]: Reached target Mounting snaps.
Feb 09 07:14:54 ubuntu systemd[1]: Reached target Swaps.
Feb 09 07:14:54 ubuntu systemd[1]: Reached target System Time Set.
Feb 09 07:14:54 ubuntu systemd[1]: Reached target Local Verity Protected Volumes.
Feb 09 07:14:54 ubuntu systemd[1]: Listening on Device-mapper event daemon FIFOs.
Feb 09 07:14:54 ubuntu systemd[1]: Listening on LVM2 poll daemon socket.
Feb 09 07:14:54 ubuntu systemd[1]: Listening on multipathd control socket.
Feb 09 07:14:54 ubuntu systemd[1]: Listening on Syslog Socket.
Feb 09 07:14:54 ubuntu systemd[1]: Listening on fsck to fsckd communication Socket.
Feb 09 07:14:54 ubuntu systemd[1]: Listening on initctl Compatibility Named Pipe.
Feb 09 07:14:54 ubuntu systemd[1]: Listening on Journal Audit Socket.
Feb 09 07:14:54 ubuntu systemd[1]: Listening on Journal Socket (/dev/log).
Feb 09 07:14:54 ubuntu systemd[1]: Listening on Journal Socket.
Feb 09 07:14:54 ubuntu systemd[1]: Listening on Network Service Netlink Socket.
Feb 09 07:14:54 ubuntu systemd[1]: Listening on udev Control Socket.
Feb 09 07:14:54 ubuntu systemd[1]: Listening on udev Kernel Socket.
Feb 09 07:14:54 ubuntu systemd[1]: Mounting Huge Pages File System...
Feb 09 07:14:54 ubuntu systemd[1]: Mounting POSIX Message Queue File System...
Feb 09 07:14:54 ubuntu systemd[1]: Mounting Kernel Debug File System...
Feb 09 07:14:54 ubuntu systemd[1]: Mounting Kernel Trace File System...
Feb 09 07:14:54 ubuntu systemd[1]: Starting Journal Service...
Feb 09 07:14:54 ubuntu systemd[1]: Starting Set the console keyboard layout...
Feb 09 07:14:54 ubuntu systemd-journald[135]: Journal started
Feb 09 07:14:54 ubuntu systemd-journald[135]: Runtime Journal (/run/log/journal/52b34e53e23eb5da0f0f601f2d92afba) is 8.0M, max 319.6M, 311.6M free.
Feb 09 07:14:54 ubuntu systemd[1]: Starting Create List of Static Device Nodes...
Feb 09 07:14:54 ubuntu systemd[1]: Starting Monitoring of LVM2 mirrors, snapshots etc. using dmeventd or progress polling...
Feb 09 07:14:54 ubuntu systemd[1]: Condition check resulted in LXD - agent being skipped.
Feb 09 07:14:54 ubuntu systemd[1]: Starting Load Kernel Module configfs...
Feb 09 07:14:54 ubuntu systemd[1]: Starting Load Kernel Module drm...
Feb 09 07:14:54 ubuntu systemd[1]: Starting Load Kernel Module efi_pstore...
Feb 09 07:14:54 ubuntu systemd[1]: Starting Load Kernel Module fuse...
Feb 09 07:14:54 ubuntu systemd[1]: Condition check resulted in OpenVSwitch configuration for cleanup being skipped.
Feb 09 07:14:54 ubuntu systemd[1]: Starting File System Check on Root Device...
Feb 09 07:14:54 ubuntu kernel: pstore: Using crash dump compression: deflate
Feb 09 07:14:54 ubuntu kernel: ACPI: bus type drm_connector registered
Feb 09 07:14:54 ubuntu kernel: pstore: Registered efi_pstore as persistent store backend
Feb 09 07:14:54 ubuntu systemd[1]: Starting Load Kernel Modules...
Feb 09 07:14:54 ubuntu systemd[1]: Starting Coldplug All udev Devices...
Feb 09 07:14:54 ubuntu systemd[1]: Mounted Huge Pages File System.
Feb 09 07:14:54 ubuntu systemd[1]: Mounted POSIX Message Queue File System.
Feb 09 07:14:54 ubuntu systemd[1]: Started Journal Service.
Feb 09 07:14:54 ubuntu systemd[1]: Mounted Kernel Debug File System.
Feb 09 07:14:54 ubuntu systemd[1]: Mounted Kernel Trace File System.
Feb 09 07:14:54 ubuntu systemd[1]: Finished Set the console keyboard layout.
Feb 09 07:14:54 ubuntu systemd[1]: Finished Create List of Static Device Nodes.
Feb 09 07:14:54 ubuntu systemd[1]: modprobe@configfs.service: Deactivated successfully.
Feb 09 07:14:54 ubuntu systemd[1]: Finished Load Kernel Module configfs.
Feb 09 07:14:54 ubuntu systemd[1]: modprobe@drm.service: Deactivated successfully.
Feb 09 07:14:54 ubuntu systemd[1]: Finished Load Kernel Module drm.
Feb 09 07:14:54 ubuntu systemd[1]: modprobe@efi_pstore.service: Deactivated successfully.
Feb 09 07:14:54 ubuntu systemd[1]: Finished Load Kernel Module efi_pstore.
Feb 09 07:14:54 ubuntu systemd[1]: modprobe@fuse.service: Deactivated successfully.
Feb 09 07:14:54 ubuntu systemd[1]: Finished Load Kernel Module fuse.
Feb 09 07:14:54 ubuntu systemd[1]: Finished Load Kernel Modules.
Feb 09 07:14:54 ubuntu systemd[1]: Mounting FUSE Control File System...
Feb 09 07:14:54 ubuntu systemd[1]: Mounting Kernel Configuration File System...
Feb 09 07:14:54 ubuntu systemd-fsck[152]: cloudimg-rootfs: clean, 75439/516096 files, 528638/1020155 blocks
Feb 09 07:14:54 ubuntu systemd[1]: Started File System Check Daemon to report status.
Feb 09 07:14:54 ubuntu systemd[1]: Starting Apply Kernel Variables...
Feb 09 07:14:54 ubuntu systemd[1]: Finished File System Check on Root Device.
Feb 09 07:14:54 ubuntu systemd[1]: Mounted FUSE Control File System.
Feb 09 07:14:54 ubuntu systemd[1]: Mounted Kernel Configuration File System.
Feb 09 07:14:54 ubuntu systemd[1]: Finished Apply Kernel Variables.
Feb 09 07:14:54 ubuntu systemd[1]: Finished Coldplug All udev Devices.
Feb 09 07:14:54 ubuntu systemd[1]: Starting Remount Root and Kernel File Systems...
Feb 09 07:14:54 ubuntu systemd[1]: Finished Remount Root and Kernel File Systems.
Feb 09 07:14:54 ubuntu kernel: EXT4-fs (sda1): re-mounted 36052aa8-c68b-4bb5-a801-cbfc30d3d800 r/w. Quota mode: none.
Feb 09 07:14:54 ubuntu systemd[1]: Starting Device-Mapper Multipath Device Controller...
Feb 09 07:14:54 ubuntu kernel: alua: device handler registered
Feb 09 07:14:54 ubuntu kernel: emc: device handler registered
Feb 09 07:14:54 ubuntu kernel: rdac: device handler registered
Feb 09 07:14:54 ubuntu systemd[1]: Starting Flush Journal to Persistent Storage...
Feb 09 07:14:54 ubuntu systemd-journald[135]: Time spent on flushing to /var/log/journal/52b34e53e23eb5da0f0f601f2d92afba is 4.377ms for 559 entries.
Feb 09 07:14:54 ubuntu systemd-journald[135]: System Journal (/var/log/journal/52b34e53e23eb5da0f0f601f2d92afba) is 8.0M, max 378.6M, 370.6M free.
Feb 09 07:14:54 ubuntu systemd[1]: Condition check resulted in Platform Persistent Storage Archival being skipped.
Feb 09 07:14:54 ubuntu systemd[1]: Starting Load/Save Random Seed...
Feb 09 07:14:54 ubuntu systemd[1]: Starting Create System Users...
Feb 09 07:14:54 ubuntu systemd[1]: Finished Flush Journal to Persistent Storage.
Feb 09 07:14:54 ubuntu systemd[1]: Finished Load/Save Random Seed.
Feb 09 07:14:54 ubuntu systemd[1]: Condition check resulted in First Boot Complete being skipped.
Feb 09 07:14:54 ubuntu systemd[1]: Finished Create System Users.
Feb 09 07:14:54 ubuntu multipathd[176]: --------start up--------
Feb 09 07:14:54 ubuntu multipathd[176]: read /etc/multipath.conf
Feb 09 07:14:54 ubuntu multipathd[176]: path checkers start up
Feb 09 07:14:54 ubuntu systemd[1]: Starting Create Static Device Nodes in /dev...
Feb 09 07:14:54 ubuntu systemd[1]: Started Device-Mapper Multipath Device Controller.
Feb 09 07:14:54 ubuntu systemd[1]: Finished Create Static Device Nodes in /dev.
Feb 09 07:14:54 ubuntu systemd[1]: Starting Rule-based Manager for Device Events and Files...
Feb 09 07:14:54 ubuntu systemd[1]: Started Rule-based Manager for Device Events and Files.
Feb 09 07:14:54 ubuntu systemd[1]: Condition check resulted in Show Plymouth Boot Screen being skipped.
Feb 09 07:14:54 ubuntu systemd[1]: Started Dispatch Password Requests to Console Directory Watch.
Feb 09 07:14:54 ubuntu systemd[1]: Condition check resulted in Forward Password Requests to Plymouth Directory Watch being skipped.
Feb 09 07:14:54 ubuntu systemd[1]: Reached target Local Encrypted Volumes.
Feb 09 07:14:54 ubuntu systemd-udevd[208]: Using default interface naming scheme 'v249'.
Feb 09 07:14:54 ubuntu multipath[210]: nvme0n1: uid = nvme.1ae0-6e766d655f63617264-6e766d655f63617264-00000001 (sysfs)
Feb 09 07:14:54 ubuntu kernel: virtio_net virtio1 ens5: renamed from eth0
Feb 09 07:14:54 ubuntu systemd[1]: Found device /dev/ttyS0.
Feb 09 07:14:54 ubuntu systemd-udevd[198]: sda: /usr/lib/udev/rules.d/99-gce.rules:5 Failed to write ATTR{/sys/devices/pci0000:00/0000:00:03.0/virtio0/host0/target0:0:1/0:0:1:0/block/sda/queue/scheduler}, ignoring: Invalid argument
Feb 09 07:14:54 ubuntu kernel: cryptd: max_cpu_qlen set to 1000
Feb 09 07:14:54 ubuntu kernel: AVX2 version of gcm_enc/dec engaged.
Feb 09 07:14:54 ubuntu kernel: AES CTR mode by8 optimization enabled
Feb 09 07:14:54 ubuntu systemd[1]: Listening on Load/Save RF Kill Switch Status /dev/rfkill Watch.
Feb 09 07:14:54 ubuntu systemd-udevd[198]: sda: Process '/usr/bin/unshare -m /usr/bin/snap auto-import --mount=/dev/sda' failed with exit code 1.
Feb 09 07:14:55 ubuntu systemd-udevd[190]: nvme0n1: Process '/usr/bin/unshare -m /usr/bin/snap auto-import --mount=/dev/nvme0n1' failed with exit code 1.
Feb 09 07:14:55 ubuntu systemd-udevd[206]: Using default interface naming scheme 'v249'.
Feb 09 07:14:55 ubuntu systemd-udevd[198]: sda14: Process '/usr/bin/unshare -m /usr/bin/snap auto-import --mount=/dev/sda14' failed with exit code 1.
Feb 09 07:14:55 ubuntu systemd-udevd[209]: sda15: Process '/usr/bin/unshare -m /usr/bin/snap auto-import --mount=/dev/sda15' failed with exit code 1.
Feb 09 07:14:55 ubuntu systemd-udevd[204]: sda1: Process '/usr/bin/unshare -m /usr/bin/snap auto-import --mount=/dev/sda1' failed with exit code 1.
Feb 09 07:14:55 ubuntu systemd[1]: Found device PersistentDisk UEFI.
Feb 09 07:14:55 ubuntu systemd[1]: Finished Monitoring of LVM2 mirrors, snapshots etc. using dmeventd or progress polling.
Feb 09 07:14:55 ubuntu systemd[1]: Reached target Preparation for Local File Systems.
Feb 09 07:14:55 ubuntu systemd[1]: Mounting Mount unit for core20, revision 2182...
Feb 09 07:14:55 ubuntu kernel: loop0: detected capacity change from 0 to 130880
Feb 09 07:14:55 ubuntu systemd[1]: Mounting Mount unit for google-cloud-cli, revision 223...
Feb 09 07:14:55 ubuntu systemd[1]: Mounting Mount unit for lxd, revision 27428...
Feb 09 07:14:55 ubuntu kernel: loop1: detected capacity change from 0 to 725648
Feb 09 07:14:55 ubuntu kernel: loop2: detected capacity change from 0 to 178184
Feb 09 07:14:55 ubuntu systemd[1]: Mounting Mount unit for snapd, revision 21184...
Feb 09 07:14:55 ubuntu kernel: loop3: detected capacity change from 0 to 80072
Feb 09 07:14:55 ubuntu systemd[1]: Starting File System Check on /dev/disk/by-label/UEFI...
Feb 09 07:14:55 ubuntu systemd[1]: Mounted Mount unit for core20, revision 2182.
Feb 09 07:14:55 ubuntu systemd[1]: Mounted Mount unit for google-cloud-cli, revision 223.
Feb 09 07:14:55 ubuntu systemd[1]: Mounted Mount unit for lxd, revision 27428.
Feb 09 07:14:55 ubuntu systemd[1]: Mounted Mount unit for snapd, revision 21184.
Feb 09 07:14:55 ubuntu systemd[1]: Reached target Mounted snaps.
Feb 09 07:14:55 ubuntu systemd-fsck[279]: fsck.fat 4.2 (2021-01-31)
Feb 09 07:14:55 ubuntu systemd-fsck[279]: /dev/sda15: 12 files, 12371/213663 clusters
Feb 09 07:14:55 ubuntu systemd[1]: Finished File System Check on /dev/disk/by-label/UEFI.
Feb 09 07:14:55 ubuntu systemd[1]: Mounting /boot/efi...
Feb 09 07:14:55 ubuntu systemd[1]: Mounted /boot/efi.
Feb 09 07:14:55 ubuntu systemd[1]: Reached target Local File Systems.
Feb 09 07:14:55 ubuntu systemd[1]: Starting Load AppArmor profiles...
Feb 09 07:14:55 ubuntu apparmor.systemd[284]: Restarting AppArmor
Feb 09 07:14:55 ubuntu apparmor.systemd[284]: Reloading AppArmor profiles
Feb 09 07:14:55 ubuntu systemd[1]: Starting Set console font and keymap...
Feb 09 07:14:55 ubuntu systemd[1]: Starting Create final runtime dir for shutdown pivot root...
Feb 09 07:14:55 ubuntu systemd[1]: Starting Tell Plymouth To Write Out Runtime Data...
Feb 09 07:14:55 ubuntu systemd[1]: Starting Set Up Additional Binary Formats...
Feb 09 07:14:55 ubuntu systemd[1]: Condition check resulted in Store a System Token in an EFI Variable being skipped.
Feb 09 07:14:55 ubuntu systemd[1]: Starting Commit a transient machine-id on disk...
Feb 09 07:14:55 ubuntu systemd[1]: Starting Create Volatile Files and Directories...
Feb 09 07:14:55 ubuntu systemd[1]: Starting Uncomplicated firewall...
Feb 09 07:14:55 ubuntu systemd[1]: etc-machine\x2did.mount: Deactivated successfully.
Feb 09 07:14:55 ubuntu systemd[1]: Finished Set console font and keymap.
Feb 09 07:14:55 ubuntu systemd[1]: Finished Create final runtime dir for shutdown pivot root.
Feb 09 07:14:55 ubuntu audit[293]: AVC apparmor="STATUS" operation="profile_load" profile="unconfined" name="lsb_release" pid=293 comm="apparmor_parser"
Feb 09 07:14:55 ubuntu kernel: audit: type=1400 audit(1770621295.467:2): apparmor="STATUS" operation="profile_load" profile="unconfined" name="lsb_release" pid=293 comm="apparmor_parser"
Feb 09 07:14:55 ubuntu systemd[1]: Finished Tell Plymouth To Write Out Runtime Data.
Feb 09 07:14:55 ubuntu audit[294]: AVC apparmor="STATUS" operation="profile_load" profile="unconfined" name="nvidia_modprobe" pid=294 comm="apparmor_parser"
Feb 09 07:14:55 ubuntu kernel: audit: type=1400 audit(1770621295.471:3): apparmor="STATUS" operation="profile_load" profile="unconfined" name="nvidia_modprobe" pid=294 comm="apparmor_parser"
Feb 09 07:14:55 ubuntu audit[294]: AVC apparmor="STATUS" operation="profile_load" profile="unconfined" name="nvidia_modprobe//kmod" pid=294 comm="apparmor_parser"
Feb 09 07:14:55 ubuntu kernel: audit: type=1400 audit(1770621295.475:4): apparmor="STATUS" operation="profile_load" profile="unconfined" name="nvidia_modprobe//kmod" pid=294 comm="apparmor_parser"
Feb 09 07:14:55 ubuntu systemd[1]: Finished Commit a transient machine-id on disk.
Feb 09 07:14:55 ubuntu systemd[1]: Finished Create Volatile Files and Directories.
Feb 09 07:14:55 ubuntu systemd[1]: Finished Uncomplicated firewall.
Feb 09 07:14:55 ubuntu systemd[1]: proc-sys-fs-binfmt_misc.automount: Got automount request for /proc/sys/fs/binfmt_misc, triggered by 299 (systemd-binfmt)
Feb 09 07:14:55 ubuntu systemd[1]: Mounting Arbitrary Executable File Formats File System...
Feb 09 07:14:55 ubuntu systemd[1]: Starting Record System Boot/Shutdown in UTMP...
Feb 09 07:14:55 ubuntu systemd[1]: Mounted Arbitrary Executable File Formats File System.
Feb 09 07:14:55 ubuntu systemd[1]: Finished Record System Boot/Shutdown in UTMP.
Feb 09 07:14:55 ubuntu audit[296]: AVC apparmor="STATUS" operation="profile_load" profile="unconfined" name="ubuntu_pro_apt_news" pid=296 comm="apparmor_parser"
Feb 09 07:14:55 ubuntu kernel: audit: type=1400 audit(1770621295.587:5): apparmor="STATUS" operation="profile_load" profile="unconfined" name="ubuntu_pro_apt_news" pid=296 comm="apparmor_parser"
Feb 09 07:14:55 ubuntu systemd[1]: Finished Set Up Additional Binary Formats.
Feb 09 07:14:55 ubuntu audit[303]: AVC apparmor="STATUS" operation="profile_load" profile="unconfined" name="/usr/bin/man" pid=303 comm="apparmor_parser"
Feb 09 07:14:55 ubuntu audit[303]: AVC apparmor="STATUS" operation="profile_load" profile="unconfined" name="man_filter" pid=303 comm="apparmor_parser"
Feb 09 07:14:55 ubuntu audit[303]: AVC apparmor="STATUS" operation="profile_load" profile="unconfined" name="man_groff" pid=303 comm="apparmor_parser"
Feb 09 07:14:55 ubuntu kernel: audit: type=1400 audit(1770621295.607:6): apparmor="STATUS" operation="profile_load" profile="unconfined" name="/usr/bin/man" pid=303 comm="apparmor_parser"
Feb 09 07:14:55 ubuntu kernel: audit: type=1400 audit(1770621295.607:7): apparmor="STATUS" operation="profile_load" profile="unconfined" name="man_filter" pid=303 comm="apparmor_parser"
Feb 09 07:14:55 ubuntu kernel: audit: type=1400 audit(1770621295.607:8): apparmor="STATUS" operation="profile_load" profile="unconfined" name="man_groff" pid=303 comm="apparmor_parser"
Feb 09 07:14:55 ubuntu audit[295]: AVC apparmor="STATUS" operation="profile_load" profile="unconfined" name="/usr/lib/NetworkManager/nm-dhcp-client.action" pid=295 comm="apparmor_parser"
Feb 09 07:14:55 ubuntu kernel: audit: type=1400 audit(1770621295.691:9): apparmor="STATUS" operation="profile_load" profile="unconfined" name="/usr/lib/NetworkManager/nm-dhcp-client.action" pid=295 comm="apparmor_parser"
Feb 09 07:14:55 ubuntu audit[295]: AVC apparmor="STATUS" operation="profile_load" profile="unconfined" name="/usr/lib/NetworkManager/nm-dhcp-helper" pid=295 comm="apparmor_parser"
Feb 09 07:14:55 ubuntu audit[295]: AVC apparmor="STATUS" operation="profile_load" profile="unconfined" name="/usr/lib/connman/scripts/dhclient-script" pid=295 comm="apparmor_parser"
Feb 09 07:14:55 ubuntu kernel: audit: type=1400 audit(1770621295.695:10): apparmor="STATUS" operation="profile_load" profile="unconfined" name="/usr/lib/NetworkManager/nm-dhcp-helper" pid=295 comm="apparmor_parser"
Feb 09 07:14:55 ubuntu audit[295]: AVC apparmor="STATUS" operation="profile_load" profile="unconfined" name="/{,usr/}sbin/dhclient" pid=295 comm="apparmor_parser"
Feb 09 07:14:55 ubuntu apparmor.systemd[315]: Skipping profile in /etc/apparmor.d/disable: usr.sbin.rsyslogd
Feb 09 07:14:55 ubuntu audit[314]: AVC apparmor="STATUS" operation="profile_load" profile="unconfined" name="/usr/sbin/chronyd" pid=314 comm="apparmor_parser"
Feb 09 07:14:55 ubuntu audit[304]: AVC apparmor="STATUS" operation="profile_load" profile="unconfined" name="tcpdump" pid=304 comm="apparmor_parser"
Feb 09 07:14:55 ubuntu kernel: input: ImExPS/2 Generic Explorer Mouse as /devices/platform/i8042/serio1/input/input4
Feb 09 07:14:55 ubuntu audit[313]: AVC apparmor="STATUS" operation="profile_load" profile="unconfined" name="/usr/lib/snapd/snap-confine" pid=313 comm="apparmor_parser"
Feb 09 07:14:55 ubuntu audit[313]: AVC apparmor="STATUS" operation="profile_load" profile="unconfined" name="/usr/lib/snapd/snap-confine//mount-namespace-capture-helper" pid=313 comm="apparmor_parser"
Feb 09 07:14:55 ubuntu systemd[1]: Finished Load AppArmor profiles.
Feb 09 07:14:55 ubuntu systemd[1]: Starting Load AppArmor profiles managed internally by snapd...
Feb 09 07:14:55 ubuntu systemd[1]: Condition check resulted in Authentication service for virtual machines hosted on VMware being skipped.
Feb 09 07:14:55 ubuntu systemd[1]: Condition check resulted in Service for virtual machines hosted on VMware being skipped.
Feb 09 07:14:55 ubuntu systemd[1]: Starting Initial cloud-init job (pre-networking)...
Feb 09 07:14:55 ubuntu snapd-apparmor[316]: main.go:124: Loading profiles [/var/lib/snapd/apparmor/profiles/snap-confine.snapd.21184 /var/lib/snapd/apparmor/profiles/snap-update-ns.google-cloud-cli /var/lib/snapd/apparmor/profiles/snap-update-ns.lxd /var/lib/snapd/apparmor/profiles/snap.google-cloud-cli.anthoscli /var/lib/snapd/apparmor/profiles/snap.google-cloud-cli.bq /var/lib/snapd/apparmor/profiles/snap.google-cloud-cli.docker-credential-gcloud /var/lib/snapd/apparmor/profiles/snap.google-cloud-cli.gcloud /var/lib/snapd/apparmor/profiles/snap.google-cloud-cli.gsutil /var/lib/snapd/apparmor/profiles/snap.google-cloud-cli.kubectl /var/lib/snapd/apparmor/profiles/snap.lxd.activate /var/lib/snapd/apparmor/profiles/snap.lxd.benchmark /var/lib/snapd/apparmor/profiles/snap.lxd.buginfo /var/lib/snapd/apparmor/profiles/snap.lxd.check-kernel /var/lib/snapd/apparmor/profiles/snap.lxd.daemon /var/lib/snapd/apparmor/profiles/snap.lxd.hook.configure /var/lib/snapd/apparmor/profiles/snap.lxd.hook.install /var/lib/snapd/apparmor/profiles/snap.lxd.hook.remove /var/lib/snapd/apparmor/profiles/snap.lxd.lxc /var/lib/snapd/apparmor/profiles/snap.lxd.lxc-to-lxd /var/lib/snapd/apparmor/profiles/snap.lxd.lxd /var/lib/snapd/apparmor/profiles/snap.lxd.migrate /var/lib/snapd/apparmor/profiles/snap.lxd.user-daemon]
Feb 09 07:14:56 ubuntu audit[332]: AVC apparmor="STATUS" operation="profile_load" profile="unconfined" name="snap-update-ns.google-cloud-cli" pid=332 comm="apparmor_parser"
Feb 09 07:14:56 ubuntu audit[334]: AVC apparmor="STATUS" operation="profile_load" profile="unconfined" name="snap.google-cloud-cli.anthoscli" pid=334 comm="apparmor_parser"
Feb 09 07:14:56 ubuntu audit[333]: AVC apparmor="STATUS" operation="profile_load" profile="unconfined" name="snap-update-ns.lxd" pid=333 comm="apparmor_parser"
Feb 09 07:14:56 ubuntu audit[335]: AVC apparmor="STATUS" operation="profile_load" profile="unconfined" name="snap.google-cloud-cli.bq" pid=335 comm="apparmor_parser"
Feb 09 07:14:56 ubuntu audit[336]: AVC apparmor="STATUS" operation="profile_load" profile="unconfined" name="snap.google-cloud-cli.docker-credential-gcloud" pid=336 comm="apparmor_parser"
Feb 09 07:14:56 ubuntu audit[337]: AVC apparmor="STATUS" operation="profile_load" profile="unconfined" name="snap.google-cloud-cli.gcloud" pid=337 comm="apparmor_parser"
Feb 09 07:14:56 ubuntu audit[338]: AVC apparmor="STATUS" operation="profile_load" profile="unconfined" name="snap.google-cloud-cli.gsutil" pid=338 comm="apparmor_parser"
Feb 09 07:14:56 ubuntu audit[339]: AVC apparmor="STATUS" operation="profile_load" profile="unconfined" name="snap.google-cloud-cli.kubectl" pid=339 comm="apparmor_parser"
Feb 09 07:14:56 ubuntu audit[331]: AVC apparmor="STATUS" operation="profile_load" profile="unconfined" name="/snap/snapd/21184/usr/lib/snapd/snap-confine" pid=331 comm="apparmor_parser"
Feb 09 07:14:56 ubuntu audit[331]: AVC apparmor="STATUS" operation="profile_load" profile="unconfined" name="/snap/snapd/21184/usr/lib/snapd/snap-confine//mount-namespace-capture-helper" pid=331 comm="apparmor_parser"
Feb 09 07:14:56 ubuntu audit[341]: AVC apparmor="STATUS" operation="profile_load" profile="unconfined" name="snap.lxd.benchmark" pid=341 comm="apparmor_parser"
Feb 09 07:14:56 ubuntu audit[342]: AVC apparmor="STATUS" operation="profile_load" profile="unconfined" name="snap.lxd.buginfo" pid=342 comm="apparmor_parser"
Feb 09 07:14:56 ubuntu audit[340]: AVC apparmor="STATUS" operation="profile_load" profile="unconfined" name="snap.lxd.activate" pid=340 comm="apparmor_parser"
Feb 09 07:14:56 ubuntu audit[343]: AVC apparmor="STATUS" operation="profile_load" profile="unconfined" name="snap.lxd.check-kernel" pid=343 comm="apparmor_parser"
Feb 09 07:14:56 ubuntu audit[346]: AVC apparmor="STATUS" operation="profile_load" profile="unconfined" name="snap.lxd.hook.install" pid=346 comm="apparmor_parser"
Feb 09 07:14:56 ubuntu audit[345]: AVC apparmor="STATUS" operation="profile_load" profile="unconfined" name="snap.lxd.hook.configure" pid=345 comm="apparmor_parser"
Feb 09 07:14:56 ubuntu audit[347]: AVC apparmor="STATUS" operation="profile_load" profile="unconfined" name="snap.lxd.hook.remove" pid=347 comm="apparmor_parser"
Feb 09 07:14:56 ubuntu audit[344]: AVC apparmor="STATUS" operation="profile_load" profile="unconfined" name="snap.lxd.daemon" pid=344 comm="apparmor_parser"
Feb 09 07:14:56 ubuntu audit[349]: AVC apparmor="STATUS" operation="profile_load" profile="unconfined" name="snap.lxd.lxc-to-lxd" pid=349 comm="apparmor_parser"
Feb 09 07:14:56 ubuntu audit[350]: AVC apparmor="STATUS" operation="profile_load" profile="unconfined" name="snap.lxd.lxd" pid=350 comm="apparmor_parser"
Feb 09 07:14:56 ubuntu audit[348]: AVC apparmor="STATUS" operation="profile_load" profile="unconfined" name="snap.lxd.lxc" pid=348 comm="apparmor_parser"
Feb 09 07:14:56 ubuntu audit[351]: AVC apparmor="STATUS" operation="profile_load" profile="unconfined" name="snap.lxd.migrate" pid=351 comm="apparmor_parser"
Feb 09 07:14:56 ubuntu cloud-init[356]: Cloud-init v. 23.4.4-0ubuntu0~22.04.1 running 'init-local' at Mon, 09 Feb 2026 07:14:56 +0000. Up 5.20 seconds.
Feb 09 07:14:56 ubuntu dhclient[359]: Internet Systems Consortium DHCP Client 4.4.1
Feb 09 07:14:56 ubuntu dhclient[359]: Copyright 2004-2018 Internet Systems Consortium.
Feb 09 07:14:56 ubuntu dhclient[359]: All rights reserved.
Feb 09 07:14:56 ubuntu dhclient[359]: For info, please visit https://www.isc.org/software/dhcp/
Feb 09 07:14:56 ubuntu dhclient[359]: 
Feb 09 07:14:56 ubuntu audit[363]: AVC apparmor="DENIED" operation="exec" class="file" profile="/{,usr/}sbin/dhclient" name="/usr/bin/true" pid=363 comm="dhclient" requested_mask="x" denied_mask="x" fsuid=0 ouid=0
Feb 09 07:14:56 ubuntu dhclient[363]: execve (/bin/true, ...): Permission denied
Feb 09 07:14:56 ubuntu audit[352]: AVC apparmor="STATUS" operation="profile_load" profile="unconfined" name="snap.lxd.user-daemon" pid=352 comm="apparmor_parser"
Feb 09 07:14:56 ubuntu systemd[1]: Finished Load AppArmor profiles managed internally by snapd.
Feb 09 07:14:56 ubuntu dhclient[359]: Listening on LPF/ens5/42:01:0a:8e:01:89
Feb 09 07:14:56 ubuntu dhclient[359]: Sending on   LPF/ens5/42:01:0a:8e:01:89
Feb 09 07:14:56 ubuntu dhclient[359]: Sending on   Socket/fallback
Feb 09 07:14:56 ubuntu dhclient[359]: DHCPDISCOVER on ens5 to 255.255.255.255 port 67 interval 3 (xid=0xbeee9564)
Feb 09 07:14:56 ubuntu dhclient[359]: DHCPOFFER of 10.142.1.137 from 169.254.169.254
Feb 09 07:14:56 ubuntu dhclient[359]: DHCPREQUEST for 10.142.1.137 on ens5 to 255.255.255.255 port 67 (xid=0x6495eebe)
Feb 09 07:14:56 ubuntu dhclient[359]: DHCPACK of 10.142.1.137 from 169.254.169.254 (xid=0xbeee9564)
Feb 09 07:14:56 ubuntu audit[364]: AVC apparmor="DENIED" operation="exec" class="file" profile="/{,usr/}sbin/dhclient" name="/usr/bin/true" pid=364 comm="isc-worker0000" requested_mask="x" denied_mask="x" fsuid=0 ouid=0
Feb 09 07:14:56 ubuntu dhclient[364]: execve (/bin/true, ...): Permission denied
Feb 09 07:14:56 ubuntu dhclient[359]: bound to 10.142.1.137 -- renewal in 1456 seconds.
Feb 09 07:14:57 teamcity-21080463-1770621254-12-n4cpu4-0001 systemd[1]: Starting Load Kernel Module efi_pstore...
Feb 09 07:14:57 teamcity-21080463-1770621254-12-n4cpu4-0001 systemd[1]: Condition check resulted in OpenVSwitch configuration for cleanup being skipped.
Feb 09 07:14:57 teamcity-21080463-1770621254-12-n4cpu4-0001 systemd[1]: Condition check resulted in Show Plymouth Boot Screen being skipped.
Feb 09 07:14:57 teamcity-21080463-1770621254-12-n4cpu4-0001 systemd[1]: Condition check resulted in Forward Password Requests to Plymouth Directory Watch being skipped.
Feb 09 07:14:57 teamcity-21080463-1770621254-12-n4cpu4-0001 systemd[1]: Condition check resulted in Store a System Token in an EFI Variable being skipped.
Feb 09 07:14:57 teamcity-21080463-1770621254-12-n4cpu4-0001 systemd[1]: modprobe@efi_pstore.service: Deactivated successfully.
Feb 09 07:14:57 teamcity-21080463-1770621254-12-n4cpu4-0001 systemd[1]: Finished Load Kernel Module efi_pstore.
Feb 09 07:14:57 teamcity-21080463-1770621254-12-n4cpu4-0001 systemd[1]: Condition check resulted in Platform Persistent Storage Archival being skipped.
Feb 09 07:14:57 teamcity-21080463-1770621254-12-n4cpu4-0001 systemd[1]: Starting Load Kernel Module efi_pstore...
Feb 09 07:14:57 teamcity-21080463-1770621254-12-n4cpu4-0001 systemd[1]: Condition check resulted in OpenVSwitch configuration for cleanup being skipped.
Feb 09 07:14:57 teamcity-21080463-1770621254-12-n4cpu4-0001 systemd[1]: Condition check resulted in Show Plymouth Boot Screen being skipped.
Feb 09 07:14:57 teamcity-21080463-1770621254-12-n4cpu4-0001 systemd[1]: Condition check resulted in Forward Password Requests to Plymouth Directory Watch being skipped.
Feb 09 07:14:57 teamcity-21080463-1770621254-12-n4cpu4-0001 systemd[1]: Condition check resulted in Store a System Token in an EFI Variable being skipped.
Feb 09 07:14:57 teamcity-21080463-1770621254-12-n4cpu4-0001 systemd[1]: modprobe@efi_pstore.service: Deactivated successfully.
Feb 09 07:14:57 teamcity-21080463-1770621254-12-n4cpu4-0001 systemd[1]: Finished Load Kernel Module efi_pstore.
Feb 09 07:14:57 teamcity-21080463-1770621254-12-n4cpu4-0001 systemd[1]: Condition check resulted in Platform Persistent Storage Archival being skipped.
Feb 09 07:14:57 teamcity-21080463-1770621254-12-n4cpu4-0001 systemd[1]: Condition check resulted in OpenVSwitch configuration for cleanup being skipped.
Feb 09 07:14:57 teamcity-21080463-1770621254-12-n4cpu4-0001 systemd[1]: Finished Initial cloud-init job (pre-networking).
Feb 09 07:14:57 teamcity-21080463-1770621254-12-n4cpu4-0001 systemd[1]: Reached target Preparation for Network.
Feb 09 07:14:57 teamcity-21080463-1770621254-12-n4cpu4-0001 systemd[1]: Starting Network Configuration...
Feb 09 07:14:57 teamcity-21080463-1770621254-12-n4cpu4-0001 systemd-networkd[390]: lo: Link UP
Feb 09 07:14:57 teamcity-21080463-1770621254-12-n4cpu4-0001 systemd-networkd[390]: lo: Gained carrier
Feb 09 07:14:57 teamcity-21080463-1770621254-12-n4cpu4-0001 systemd-networkd[390]: Enumeration completed
Feb 09 07:14:57 teamcity-21080463-1770621254-12-n4cpu4-0001 systemd[1]: Started Network Configuration.
Feb 09 07:14:57 teamcity-21080463-1770621254-12-n4cpu4-0001 systemd-networkd[390]: ens5: Link UP
Feb 09 07:14:57 teamcity-21080463-1770621254-12-n4cpu4-0001 systemd-networkd[390]: ens5: Gained carrier
Feb 09 07:14:57 teamcity-21080463-1770621254-12-n4cpu4-0001 systemd-networkd[390]: ens5: Link DOWN
Feb 09 07:14:57 teamcity-21080463-1770621254-12-n4cpu4-0001 systemd-networkd[390]: ens5: Lost carrier
Feb 09 07:14:57 teamcity-21080463-1770621254-12-n4cpu4-0001 systemd-networkd[390]: ens5: Link UP
Feb 09 07:14:57 teamcity-21080463-1770621254-12-n4cpu4-0001 systemd-networkd[390]: ens5: Gained carrier
Feb 09 07:14:57 teamcity-21080463-1770621254-12-n4cpu4-0001 systemd[1]: Starting Wait for Network to be Configured...
Feb 09 07:14:57 teamcity-21080463-1770621254-12-n4cpu4-0001 systemd[1]: Starting Network Name Resolution...
Feb 09 07:14:57 teamcity-21080463-1770621254-12-n4cpu4-0001 systemd-networkd[390]: ens5: Overlong DHCP hostname received, shortened from 'teamcity-21080463-1770621254-12-n4cpu4-0001.us-east1-d.c.cockroach-ephemeral.internal' to 'teamcity-21080463-1770621254-12-n4cpu4-0001'
Feb 09 07:14:57 teamcity-21080463-1770621254-12-n4cpu4-0001 systemd-networkd[390]: ens5: DHCPv4 address 10.142.1.137/32 via 10.142.0.1
Feb 09 07:14:57 teamcity-21080463-1770621254-12-n4cpu4-0001 systemd-resolved[392]: Positive Trust Anchors:
Feb 09 07:14:57 teamcity-21080463-1770621254-12-n4cpu4-0001 systemd-resolved[392]: . IN DS 20326 8 2 e06d44b80b8f1d39a95c0b0d7c65d08458e880409bbc683457104237c7f8ec8d
Feb 09 07:14:57 teamcity-21080463-1770621254-12-n4cpu4-0001 systemd-resolved[392]: Negative trust anchors: home.arpa 10.in-addr.arpa 16.172.in-addr.arpa 17.172.in-addr.arpa 18.172.in-addr.arpa 19.172.in-addr.arpa 20.172.in-addr.arpa 21.172.in-addr.arpa 22.172.in-addr.arpa 23.172.in-addr.arpa 24.172.in-addr.arpa 25.172.in-addr.arpa 26.172.in-addr.arpa 27.172.in-addr.arpa 28.172.in-addr.arpa 29.172.in-addr.arpa 30.172.in-addr.arpa 31.172.in-addr.arpa 168.192.in-addr.arpa d.f.ip6.arpa corp home internal intranet lan local private test
Feb 09 07:14:57 teamcity-21080463-1770621254-12-n4cpu4-0001 systemd-resolved[392]: Using system hostname 'teamcity-21080463-1770621254-12-n4cpu4-0001'.
Feb 09 07:14:57 teamcity-21080463-1770621254-12-n4cpu4-0001 systemd[1]: Started Network Name Resolution.
Feb 09 07:14:57 teamcity-21080463-1770621254-12-n4cpu4-0001 systemd[1]: Reached target Network.
Feb 09 07:14:57 teamcity-21080463-1770621254-12-n4cpu4-0001 systemd[1]: Reached target Host and Network Name Lookups.
Feb 09 07:14:59 teamcity-21080463-1770621254-12-n4cpu4-0001 systemd-networkd[390]: ens5: Gained IPv6LL
Feb 09 07:14:59 teamcity-21080463-1770621254-12-n4cpu4-0001 systemd[1]: Finished Wait for Network to be Configured.
Feb 09 07:14:59 teamcity-21080463-1770621254-12-n4cpu4-0001 systemd[1]: Starting Initial cloud-init job (metadata service crawler)...
Feb 09 07:14:59 teamcity-21080463-1770621254-12-n4cpu4-0001 cloud-init[398]: Cloud-init v. 23.4.4-0ubuntu0~22.04.1 running 'init' at Mon, 09 Feb 2026 07:14:59 +0000. Up 7.87 seconds.
Feb 09 07:14:59 teamcity-21080463-1770621254-12-n4cpu4-0001 cloud-init[398]: ci-info: +++++++++++++++++++++++++++++++++++++++Net device info+++++++++++++++++++++++++++++++++++++++
Feb 09 07:14:59 teamcity-21080463-1770621254-12-n4cpu4-0001 cloud-init[398]: ci-info: +--------+------+----------------------------+-----------------+--------+-------------------+
Feb 09 07:14:59 teamcity-21080463-1770621254-12-n4cpu4-0001 cloud-init[398]: ci-info: | Device |  Up  |          Address           |       Mask      | Scope  |     Hw-Address    |
Feb 09 07:14:59 teamcity-21080463-1770621254-12-n4cpu4-0001 cloud-init[398]: ci-info: +--------+------+----------------------------+-----------------+--------+-------------------+
Feb 09 07:14:59 teamcity-21080463-1770621254-12-n4cpu4-0001 cloud-init[398]: ci-info: |  ens5  | True |        10.142.1.137        | 255.255.255.255 | global | 42:01:0a:8e:01:89 |
Feb 09 07:14:59 teamcity-21080463-1770621254-12-n4cpu4-0001 cloud-init[398]: ci-info: |  ens5  | True | fe80::4001:aff:fe8e:189/64 |        .        |  link  | 42:01:0a:8e:01:89 |
Feb 09 07:14:59 teamcity-21080463-1770621254-12-n4cpu4-0001 cloud-init[398]: ci-info: |   lo   | True |         127.0.0.1          |    255.0.0.0    |  host  |         .         |
Feb 09 07:14:59 teamcity-21080463-1770621254-12-n4cpu4-0001 cloud-init[398]: ci-info: |   lo   | True |          ::1/128           |        .        |  host  |         .         |
Feb 09 07:14:59 teamcity-21080463-1770621254-12-n4cpu4-0001 cloud-init[398]: ci-info: +--------+------+----------------------------+-----------------+--------+-------------------+
Feb 09 07:14:59 teamcity-21080463-1770621254-12-n4cpu4-0001 cloud-init[398]: ci-info: +++++++++++++++++++++++++++++++Route IPv4 info++++++++++++++++++++++++++++++++
Feb 09 07:14:59 teamcity-21080463-1770621254-12-n4cpu4-0001 cloud-init[398]: ci-info: +-------+-----------------+------------+-----------------+-----------+-------+
Feb 09 07:14:59 teamcity-21080463-1770621254-12-n4cpu4-0001 cloud-init[398]: ci-info: | Route |   Destination   |  Gateway   |     Genmask     | Interface | Flags |
Feb 09 07:14:59 teamcity-21080463-1770621254-12-n4cpu4-0001 cloud-init[398]: ci-info: +-------+-----------------+------------+-----------------+-----------+-------+
Feb 09 07:14:59 teamcity-21080463-1770621254-12-n4cpu4-0001 cloud-init[398]: ci-info: |   0   |     0.0.0.0     | 10.142.0.1 |     0.0.0.0     |    ens5   |   UG  |
Feb 09 07:14:59 teamcity-21080463-1770621254-12-n4cpu4-0001 cloud-init[398]: ci-info: |   1   |    10.142.0.1   |  0.0.0.0   | 255.255.255.255 |    ens5   |   UH  |
Feb 09 07:14:59 teamcity-21080463-1770621254-12-n4cpu4-0001 cloud-init[398]: ci-info: |   2   | 169.254.169.254 | 10.142.0.1 | 255.255.255.255 |    ens5   |  UGH  |
Feb 09 07:14:59 teamcity-21080463-1770621254-12-n4cpu4-0001 cloud-init[398]: ci-info: +-------+-----------------+------------+-----------------+-----------+-------+
Feb 09 07:14:59 teamcity-21080463-1770621254-12-n4cpu4-0001 cloud-init[398]: ci-info: +++++++++++++++++++Route IPv6 info+++++++++++++++++++
Feb 09 07:14:59 teamcity-21080463-1770621254-12-n4cpu4-0001 cloud-init[398]: ci-info: +-------+-------------+---------+-----------+-------+
Feb 09 07:14:59 teamcity-21080463-1770621254-12-n4cpu4-0001 cloud-init[398]: ci-info: | Route | Destination | Gateway | Interface | Flags |
Feb 09 07:14:59 teamcity-21080463-1770621254-12-n4cpu4-0001 cloud-init[398]: ci-info: +-------+-------------+---------+-----------+-------+
Feb 09 07:14:59 teamcity-21080463-1770621254-12-n4cpu4-0001 cloud-init[398]: ci-info: |   1   |  fe80::/64  |    ::   |    ens5   |   U   |
Feb 09 07:14:59 teamcity-21080463-1770621254-12-n4cpu4-0001 cloud-init[398]: ci-info: |   3   |    local    |    ::   |    ens5   |   U   |
Feb 09 07:14:59 teamcity-21080463-1770621254-12-n4cpu4-0001 cloud-init[398]: ci-info: |   4   |  multicast  |    ::   |    ens5   |   U   |
Feb 09 07:14:59 teamcity-21080463-1770621254-12-n4cpu4-0001 cloud-init[398]: ci-info: +-------+-------------+---------+-----------+-------+
Feb 09 07:15:00 teamcity-21080463-1770621254-12-n4cpu4-0001 systemd-udevd[449]: sda: /usr/lib/udev/rules.d/99-gce.rules:5 Failed to write ATTR{/sys/devices/pci0000:00/0000:00:03.0/virtio0/host0/target0:0:1/0:0:1:0/block/sda/queue/scheduler}, ignoring: Invalid argument
Feb 09 07:15:00 teamcity-21080463-1770621254-12-n4cpu4-0001 systemd-udevd[458]: sda: /usr/lib/udev/rules.d/99-gce.rules:5 Failed to write ATTR{/sys/devices/pci0000:00/0000:00:03.0/virtio0/host0/target0:0:1/0:0:1:0/block/sda/queue/scheduler}, ignoring: Invalid argument
Feb 09 07:15:00 teamcity-21080463-1770621254-12-n4cpu4-0001 kernel: EXT4-fs (sda1): resizing filesystem from 1020155 to 8360187 blocks
Feb 09 07:15:00 teamcity-21080463-1770621254-12-n4cpu4-0001 kernel: EXT4-fs (sda1): resized filesystem to 8360187
Feb 09 07:15:00 teamcity-21080463-1770621254-12-n4cpu4-0001 useradd[486]: new group: name=ubuntu, GID=1000
Feb 09 07:15:00 teamcity-21080463-1770621254-12-n4cpu4-0001 useradd[486]: new user: name=ubuntu, UID=1000, GID=1000, home=/home/ubuntu, shell=/bin/bash, from=none
Feb 09 07:15:00 teamcity-21080463-1770621254-12-n4cpu4-0001 useradd[486]: add 'ubuntu' to group 'adm'
Feb 09 07:15:00 teamcity-21080463-1770621254-12-n4cpu4-0001 useradd[486]: add 'ubuntu' to group 'dialout'
Feb 09 07:15:00 teamcity-21080463-1770621254-12-n4cpu4-0001 useradd[486]: add 'ubuntu' to group 'cdrom'
Feb 09 07:15:00 teamcity-21080463-1770621254-12-n4cpu4-0001 useradd[486]: add 'ubuntu' to group 'floppy'
Feb 09 07:15:00 teamcity-21080463-1770621254-12-n4cpu4-0001 useradd[486]: add 'ubuntu' to group 'sudo'
Feb 09 07:15:00 teamcity-21080463-1770621254-12-n4cpu4-0001 useradd[486]: add 'ubuntu' to group 'audio'
Feb 09 07:15:00 teamcity-21080463-1770621254-12-n4cpu4-0001 useradd[486]: add 'ubuntu' to group 'dip'
Feb 09 07:15:00 teamcity-21080463-1770621254-12-n4cpu4-0001 useradd[486]: add 'ubuntu' to group 'video'
Feb 09 07:15:00 teamcity-21080463-1770621254-12-n4cpu4-0001 useradd[486]: add 'ubuntu' to group 'plugdev'
Feb 09 07:15:00 teamcity-21080463-1770621254-12-n4cpu4-0001 useradd[486]: add 'ubuntu' to group 'netdev'
Feb 09 07:15:00 teamcity-21080463-1770621254-12-n4cpu4-0001 useradd[486]: add 'ubuntu' to group 'lxd'
Feb 09 07:15:00 teamcity-21080463-1770621254-12-n4cpu4-0001 useradd[486]: add 'ubuntu' to shadow group 'adm'
Feb 09 07:15:00 teamcity-21080463-1770621254-12-n4cpu4-0001 useradd[486]: add 'ubuntu' to shadow group 'dialout'
Feb 09 07:15:00 teamcity-21080463-1770621254-12-n4cpu4-0001 useradd[486]: add 'ubuntu' to shadow group 'cdrom'
Feb 09 07:15:00 teamcity-21080463-1770621254-12-n4cpu4-0001 useradd[486]: add 'ubuntu' to shadow group 'floppy'
Feb 09 07:15:00 teamcity-21080463-1770621254-12-n4cpu4-0001 useradd[486]: add 'ubuntu' to shadow group 'sudo'
Feb 09 07:15:00 teamcity-21080463-1770621254-12-n4cpu4-0001 useradd[486]: add 'ubuntu' to shadow group 'audio'
Feb 09 07:15:00 teamcity-21080463-1770621254-12-n4cpu4-0001 useradd[486]: add 'ubuntu' to shadow group 'dip'
Feb 09 07:15:00 teamcity-21080463-1770621254-12-n4cpu4-0001 useradd[486]: add 'ubuntu' to shadow group 'video'
Feb 09 07:15:00 teamcity-21080463-1770621254-12-n4cpu4-0001 useradd[486]: add 'ubuntu' to shadow group 'plugdev'
Feb 09 07:15:00 teamcity-21080463-1770621254-12-n4cpu4-0001 useradd[486]: add 'ubuntu' to shadow group 'netdev'
Feb 09 07:15:00 teamcity-21080463-1770621254-12-n4cpu4-0001 useradd[486]: add 'ubuntu' to shadow group 'lxd'
Feb 09 07:15:00 teamcity-21080463-1770621254-12-n4cpu4-0001 passwd[494]: password for 'ubuntu' changed by 'root'
Feb 09 07:15:01 teamcity-21080463-1770621254-12-n4cpu4-0001 cloud-init[398]: Generating public/private rsa key pair.
Feb 09 07:15:01 teamcity-21080463-1770621254-12-n4cpu4-0001 cloud-init[398]: Your identification has been saved in /etc/ssh/ssh_host_rsa_key
Feb 09 07:15:01 teamcity-21080463-1770621254-12-n4cpu4-0001 cloud-init[398]: Your public key has been saved in /etc/ssh/ssh_host_rsa_key.pub
Feb 09 07:15:01 teamcity-21080463-1770621254-12-n4cpu4-0001 cloud-init[398]: The key fingerprint is:
Feb 09 07:15:01 teamcity-21080463-1770621254-12-n4cpu4-0001 cloud-init[398]: SHA256:3g/1sq158cOG0SORVy0X/+fsiGHqSmMiE12yW6BjWFs root@teamcity-21080463-1770621254-12-n4cpu4-0001
Feb 09 07:15:01 teamcity-21080463-1770621254-12-n4cpu4-0001 cloud-init[398]: The key's randomart image is:
Feb 09 07:15:01 teamcity-21080463-1770621254-12-n4cpu4-0001 cloud-init[398]: +---[RSA 3072]----+
Feb 09 07:15:01 teamcity-21080463-1770621254-12-n4cpu4-0001 cloud-init[398]: |               .o|
Feb 09 07:15:01 teamcity-21080463-1770621254-12-n4cpu4-0001 cloud-init[398]: |              . =|
Feb 09 07:15:01 teamcity-21080463-1770621254-12-n4cpu4-0001 cloud-init[398]: |    . E .     .oo|
Feb 09 07:15:01 teamcity-21080463-1770621254-12-n4cpu4-0001 cloud-init[398]: |   o = =     o ..|
Feb 09 07:15:01 teamcity-21080463-1770621254-12-n4cpu4-0001 cloud-init[398]: |  . * o S   . + o|
Feb 09 07:15:01 teamcity-21080463-1770621254-12-n4cpu4-0001 cloud-init[398]: |   . o + . . +.=.|
Feb 09 07:15:01 teamcity-21080463-1770621254-12-n4cpu4-0001 cloud-init[398]: |    o o = o + *o+|
Feb 09 07:15:01 teamcity-21080463-1770621254-12-n4cpu4-0001 cloud-init[398]: |     o + . = O.*.|
Feb 09 07:15:01 teamcity-21080463-1770621254-12-n4cpu4-0001 cloud-init[398]: |        .oo *o+ o|
Feb 09 07:15:01 teamcity-21080463-1770621254-12-n4cpu4-0001 cloud-init[398]: +----[SHA256]-----+
Feb 09 07:15:01 teamcity-21080463-1770621254-12-n4cpu4-0001 cloud-init[398]: Generating public/private dsa key pair.
Feb 09 07:15:01 teamcity-21080463-1770621254-12-n4cpu4-0001 cloud-init[398]: Your identification has been saved in /etc/ssh/ssh_host_dsa_key
Feb 09 07:15:01 teamcity-21080463-1770621254-12-n4cpu4-0001 cloud-init[398]: Your public key has been saved in /etc/ssh/ssh_host_dsa_key.pub
Feb 09 07:15:01 teamcity-21080463-1770621254-12-n4cpu4-0001 cloud-init[398]: The key fingerprint is:
Feb 09 07:15:01 teamcity-21080463-1770621254-12-n4cpu4-0001 cloud-init[398]: SHA256:GJXnmikvW+MifWDjlng3a45L/72j2rdjHxbabXCWpJY root@teamcity-21080463-1770621254-12-n4cpu4-0001
Feb 09 07:15:01 teamcity-21080463-1770621254-12-n4cpu4-0001 cloud-init[398]: The key's randomart image is:
Feb 09 07:15:01 teamcity-21080463-1770621254-12-n4cpu4-0001 cloud-init[398]: +---[DSA 1024]----+
Feb 09 07:15:01 teamcity-21080463-1770621254-12-n4cpu4-0001 cloud-init[398]: |        ..       |
Feb 09 07:15:01 teamcity-21080463-1770621254-12-n4cpu4-0001 cloud-init[398]: |       .. .      |
Feb 09 07:15:01 teamcity-21080463-1770621254-12-n4cpu4-0001 cloud-init[398]: |      .  o     . |
Feb 09 07:15:01 teamcity-21080463-1770621254-12-n4cpu4-0001 cloud-init[398]: |       o  .   + .|
Feb 09 07:15:01 teamcity-21080463-1770621254-12-n4cpu4-0001 cloud-init[398]: |      . S+   Eo.o|
Feb 09 07:15:01 teamcity-21080463-1770621254-12-n4cpu4-0001 cloud-init[398]: |      = +   .o * |
Feb 09 07:15:01 teamcity-21080463-1770621254-12-n4cpu4-0001 cloud-init[398]: |     =.*o   . + o|
Feb 09 07:15:01 teamcity-21080463-1770621254-12-n4cpu4-0001 cloud-init[398]: |    o.O=*o .=. o |
Feb 09 07:15:01 teamcity-21080463-1770621254-12-n4cpu4-0001 cloud-init[398]: |     ++X*=+++*.  |
Feb 09 07:15:01 teamcity-21080463-1770621254-12-n4cpu4-0001 cloud-init[398]: +----[SHA256]-----+
Feb 09 07:15:01 teamcity-21080463-1770621254-12-n4cpu4-0001 cloud-init[398]: Generating public/private ecdsa key pair.
Feb 09 07:15:01 teamcity-21080463-1770621254-12-n4cpu4-0001 cloud-init[398]: Your identification has been saved in /etc/ssh/ssh_host_ecdsa_key
Feb 09 07:15:01 teamcity-21080463-1770621254-12-n4cpu4-0001 cloud-init[398]: Your public key has been saved in /etc/ssh/ssh_host_ecdsa_key.pub
Feb 09 07:15:01 teamcity-21080463-1770621254-12-n4cpu4-0001 cloud-init[398]: The key fingerprint is:
Feb 09 07:15:01 teamcity-21080463-1770621254-12-n4cpu4-0001 cloud-init[398]: SHA256:y/kFe2XcQDBHD7yOLMMBzbBmdHZnLA1Y1EYi30gpELg root@teamcity-21080463-1770621254-12-n4cpu4-0001
Feb 09 07:15:01 teamcity-21080463-1770621254-12-n4cpu4-0001 cloud-init[398]: The key's randomart image is:
Feb 09 07:15:01 teamcity-21080463-1770621254-12-n4cpu4-0001 cloud-init[398]: +---[ECDSA 256]---+
Feb 09 07:15:01 teamcity-21080463-1770621254-12-n4cpu4-0001 cloud-init[398]: |       .=*++X@O  |
Feb 09 07:15:01 teamcity-21080463-1770621254-12-n4cpu4-0001 cloud-init[398]: |      ...+==oX*o |
Feb 09 07:15:01 teamcity-21080463-1770621254-12-n4cpu4-0001 cloud-init[398]: |       .+. .ooo..|
Feb 09 07:15:01 teamcity-21080463-1770621254-12-n4cpu4-0001 cloud-init[398]: |      Eo  .  ..o |
Feb 09 07:15:01 teamcity-21080463-1770621254-12-n4cpu4-0001 cloud-init[398]: |        S..o o+ .|
Feb 09 07:15:01 teamcity-21080463-1770621254-12-n4cpu4-0001 cloud-init[398]: |       . o+ooo.  |
Feb 09 07:15:01 teamcity-21080463-1770621254-12-n4cpu4-0001 cloud-init[398]: |        + .oo    |
Feb 09 07:15:01 teamcity-21080463-1770621254-12-n4cpu4-0001 cloud-init[398]: |         . o     |
Feb 09 07:15:01 teamcity-21080463-1770621254-12-n4cpu4-0001 cloud-init[398]: |          .      |
Feb 09 07:15:01 teamcity-21080463-1770621254-12-n4cpu4-0001 cloud-init[398]: +----[SHA256]-----+
Feb 09 07:15:01 teamcity-21080463-1770621254-12-n4cpu4-0001 cloud-init[398]: Generating public/private ed25519 key pair.
Feb 09 07:15:01 teamcity-21080463-1770621254-12-n4cpu4-0001 cloud-init[398]: Your identification has been saved in /etc/ssh/ssh_host_ed25519_key
Feb 09 07:15:01 teamcity-21080463-1770621254-12-n4cpu4-0001 cloud-init[398]: Your public key has been saved in /etc/ssh/ssh_host_ed25519_key.pub
Feb 09 07:15:01 teamcity-21080463-1770621254-12-n4cpu4-0001 cloud-init[398]: The key fingerprint is:
Feb 09 07:15:01 teamcity-21080463-1770621254-12-n4cpu4-0001 cloud-init[398]: SHA256:09B1phkBzuBVPfcYEnv6O0z4L6p3kjyQw+oOolF6NoE root@teamcity-21080463-1770621254-12-n4cpu4-0001
Feb 09 07:15:01 teamcity-21080463-1770621254-12-n4cpu4-0001 cloud-init[398]: The key's randomart image is:
Feb 09 07:15:01 teamcity-21080463-1770621254-12-n4cpu4-0001 cloud-init[398]: +--[ED25519 256]--+
Feb 09 07:15:01 teamcity-21080463-1770621254-12-n4cpu4-0001 cloud-init[398]: |        . oo*+o  |
Feb 09 07:15:01 teamcity-21080463-1770621254-12-n4cpu4-0001 cloud-init[398]: |       . * ..B+ .|
Feb 09 07:15:01 teamcity-21080463-1770621254-12-n4cpu4-0001 cloud-init[398]: |        o + +..=.|
Feb 09 07:15:01 teamcity-21080463-1770621254-12-n4cpu4-0001 systemd[1]: Finished Initial cloud-init job (metadata service crawler).
Feb 09 07:15:01 teamcity-21080463-1770621254-12-n4cpu4-0001 chronyd[516]: chronyd version 4.2 starting (+CMDMON +NTP +REFCLOCK +RTC +PRIVDROP +SCFILTER +SIGND +ASYNCDNS +NTS +SECHASH +IPV6 -DEBUG)
Feb 09 07:15:02 teamcity-21080463-1770621254-12-n4cpu4-0001 cloud-init[398]: |   .     o   o. .|
Feb 09 07:15:02 teamcity-21080463-1770621254-12-n4cpu4-0001 cloud-init[398]: |  E o   S.....   |
Feb 09 07:15:02 teamcity-21080463-1770621254-12-n4cpu4-0001 cloud-init[398]: |   o .   .= ...  |
Feb 09 07:15:02 teamcity-21080463-1770621254-12-n4cpu4-0001 cloud-init[398]: |  o = .  . + =.  |
Feb 09 07:15:02 teamcity-21080463-1770621254-12-n4cpu4-0001 cloud-init[398]: |   = o ..   * *. |
Feb 09 07:15:02 teamcity-21080463-1770621254-12-n4cpu4-0001 cloud-init[398]: |  .    oo .o.=.+.|
Feb 09 07:15:02 teamcity-21080463-1770621254-12-n4cpu4-0001 cloud-init[398]: +----[SHA256]-----+
Feb 09 07:15:01 teamcity-21080463-1770621254-12-n4cpu4-0001 systemd[1]: Reached target Cloud-config availability.
Feb 09 07:15:01 teamcity-21080463-1770621254-12-n4cpu4-0001 dbus-daemon[507]: [system] AppArmor D-Bus mediation is enabled
Feb 09 07:15:01 teamcity-21080463-1770621254-12-n4cpu4-0001 systemd[1]: Reached target Network is Online.
Feb 09 07:15:01 teamcity-21080463-1770621254-12-n4cpu4-0001 dbus-daemon[507]: [system] Activating systemd to hand-off: service name='org.freedesktop.hostname1' unit='dbus-org.freedesktop.hostname1.service' requested by ':1.1' (uid=100 pid=390 comm="/lib/systemd/systemd-networkd " label="unconfined")
Feb 09 07:15:01 teamcity-21080463-1770621254-12-n4cpu4-0001 systemd[1]: Reached target System Initialization.
Feb 09 07:15:01 teamcity-21080463-1770621254-12-n4cpu4-0001 chronyd[516]: Using right/UTC timezone to obtain leap second data
Feb 09 07:15:01 teamcity-21080463-1770621254-12-n4cpu4-0001 systemd[1]: Condition check resulted in Process error reports when automatic reporting is enabled (file watch) being skipped.
Feb 09 07:15:01 teamcity-21080463-1770621254-12-n4cpu4-0001 chronyd[516]: Loaded seccomp filter (level 1)
Feb 09 07:15:02 teamcity-21080463-1770621254-12-n4cpu4-0001 gce_workload_cert_refresh[525]: 2026/02/09 07:15:02: Error getting config status, workload certificates may not be configured: failed to GET "instance/gce-workload-certificates/config-status" from MDS with error: error connecting to metadata server, status code: 404
Feb 09 07:15:02 teamcity-21080463-1770621254-12-n4cpu4-0001 gce_workload_cert_refresh[525]: 2026/02/09 07:15:02: Done
Feb 09 07:15:01 teamcity-21080463-1770621254-12-n4cpu4-0001 systemd[1]: Condition check resulted in Process error reports when automatic reporting is enabled (timer based) being skipped.
Feb 09 07:15:02 teamcity-21080463-1770621254-12-n4cpu4-0001 dbus-daemon[507]: [system] Successfully activated service 'org.freedesktop.systemd1'
Feb 09 07:15:01 teamcity-21080463-1770621254-12-n4cpu4-0001 systemd[1]: Started GCE Workload Certificate refresh timer.
Feb 09 07:15:02 teamcity-21080463-1770621254-12-n4cpu4-0001 oslogin_cache_refresh[533]: Refreshing passwd entry cache
Feb 09 07:15:02 teamcity-21080463-1770621254-12-n4cpu4-0001 google_oslogin_nss_cache[533]: oslogin_cache_refresh[533]: Refreshing passwd entry cache
Feb 09 07:15:01 teamcity-21080463-1770621254-12-n4cpu4-0001 systemd[1]: Started NSS cache refresh timer.
Feb 09 07:15:02 teamcity-21080463-1770621254-12-n4cpu4-0001 rsyslogd[544]: imuxsock: Acquired UNIX socket '/run/systemd/journal/syslog' (fd 3) from systemd.  [v8.2112.0]
Feb 09 07:15:01 teamcity-21080463-1770621254-12-n4cpu4-0001 systemd[1]: Started Daily Cleanup of Temporary Directories.
Feb 09 07:15:02 teamcity-21080463-1770621254-12-n4cpu4-0001 rsyslogd[544]: rsyslogd's groupid changed to 111
Feb 09 07:15:01 teamcity-21080463-1770621254-12-n4cpu4-0001 systemd[1]: Condition check resulted in Ubuntu Pro Timer for running repeated jobs being skipped.
Feb 09 07:15:02 teamcity-21080463-1770621254-12-n4cpu4-0001 rsyslogd[544]: rsyslogd's userid changed to 104
Feb 09 07:15:01 teamcity-21080463-1770621254-12-n4cpu4-0001 systemd[1]: Started Download data for packages that failed at package install time.
Feb 09 07:15:02 teamcity-21080463-1770621254-12-n4cpu4-0001 rsyslogd[544]: [origin software="rsyslogd" swVersion="8.2112.0" x-pid="544" x-info="https://www.rsyslog.com"] start
Feb 09 07:15:01 teamcity-21080463-1770621254-12-n4cpu4-0001 systemd[1]: Reached target Path Units.
Feb 09 07:15:02 teamcity-21080463-1770621254-12-n4cpu4-0001 snapd-aa-prompt-listener[547]: AA Prompt listener not implemented
Feb 09 07:15:01 teamcity-21080463-1770621254-12-n4cpu4-0001 systemd[1]: Condition check resulted in Unix socket for apport crash forwarding being skipped.
Feb 09 07:15:01 teamcity-21080463-1770621254-12-n4cpu4-0001 systemd[1]: Listening on cloud-init hotplug hook socket.
Feb 09 07:15:01 teamcity-21080463-1770621254-12-n4cpu4-0001 systemd[1]: Listening on D-Bus System Message Bus Socket.
Feb 09 07:15:01 teamcity-21080463-1770621254-12-n4cpu4-0001 systemd[1]: Listening on Open-iSCSI iscsid Socket.
Feb 09 07:15:01 teamcity-21080463-1770621254-12-n4cpu4-0001 systemd[1]: Starting Socket activation for snappy daemon...
Feb 09 07:15:01 teamcity-21080463-1770621254-12-n4cpu4-0001 systemd[1]: Listening on UUID daemon activation socket.
Feb 09 07:15:01 teamcity-21080463-1770621254-12-n4cpu4-0001 systemd[1]: Condition check resulted in Login to default iSCSI targets being skipped.
Feb 09 07:15:01 teamcity-21080463-1770621254-12-n4cpu4-0001 systemd[1]: Finished Availability of block devices.
Feb 09 07:15:01 teamcity-21080463-1770621254-12-n4cpu4-0001 systemd[1]: Listening on Socket activation for snappy daemon.
Feb 09 07:15:01 teamcity-21080463-1770621254-12-n4cpu4-0001 systemd[1]: Reached target Socket Units.
Feb 09 07:15:01 teamcity-21080463-1770621254-12-n4cpu4-0001 systemd[1]: Reached target Basic System.
Feb 09 07:15:01 teamcity-21080463-1770621254-12-n4cpu4-0001 systemd[1]: Starting chrony, an NTP client/server...
Feb 09 07:15:01 teamcity-21080463-1770621254-12-n4cpu4-0001 systemd[1]: Started D-Bus System Message Bus.
Feb 09 07:15:01 teamcity-21080463-1770621254-12-n4cpu4-0001 systemd[1]: Started Save initial kernel messages after boot.
Feb 09 07:15:01 teamcity-21080463-1770621254-12-n4cpu4-0001 systemd[1]: Starting Remove Stale Online ext4 Metadata Check Snapshots...
Feb 09 07:15:01 teamcity-21080463-1770621254-12-n4cpu4-0001 systemd[1]: Starting GCE Workload Certificate refresh...
Feb 09 07:15:01 teamcity-21080463-1770621254-12-n4cpu4-0001 systemd[1]: Condition check resulted in getty on tty2-tty6 if dbus and logind are not available being skipped.
Feb 09 07:15:01 teamcity-21080463-1770621254-12-n4cpu4-0001 systemd[1]: Started Google OSConfig Agent.
Feb 09 07:15:01 teamcity-21080463-1770621254-12-n4cpu4-0001 systemd[1]: Starting NSS cache refresh...
Feb 09 07:15:01 teamcity-21080463-1770621254-12-n4cpu4-0001 systemd[1]: Starting Record successful boot for GRUB...
Feb 09 07:15:01 teamcity-21080463-1770621254-12-n4cpu4-0001 systemd[1]: Starting Dispatcher daemon for systemd-networkd...
Feb 09 07:15:01 teamcity-21080463-1770621254-12-n4cpu4-0001 systemd[1]: Condition check resulted in Auto-connect to subsystems on FC-NVME devices found during boot being skipped.
Feb 09 07:15:01 teamcity-21080463-1770621254-12-n4cpu4-0001 systemd[1]: Starting Connect NVMe-oF subsystems automatically during boot...
Feb 09 07:15:01 teamcity-21080463-1770621254-12-n4cpu4-0001 systemd[1]: Starting Pollinate to seed the pseudo random number generator...
Feb 09 07:15:01 teamcity-21080463-1770621254-12-n4cpu4-0001 systemd[1]: Starting System Logging Service...
Feb 09 07:15:01 teamcity-21080463-1770621254-12-n4cpu4-0001 systemd[1]: Starting Secure Boot updates for DB and DBX...
Feb 09 07:15:01 teamcity-21080463-1770621254-12-n4cpu4-0001 systemd[1]: Started Userspace listener for prompt events.
Feb 09 07:15:02 teamcity-21080463-1770621254-12-n4cpu4-0001 systemd[1]: Condition check resulted in Automatically repair incorrect owner/permissions on core devices being skipped.
Feb 09 07:15:02 teamcity-21080463-1770621254-12-n4cpu4-0001 systemd[1]: Condition check resulted in Wait for the Ubuntu Core chooser trigger being skipped.
Feb 09 07:15:02 teamcity-21080463-1770621254-12-n4cpu4-0001 systemd[1]: Reached target Preparation for Logins.
Feb 09 07:15:02 teamcity-21080463-1770621254-12-n4cpu4-0001 systemd[1]: Starting Snap Daemon...
Feb 09 07:15:02 teamcity-21080463-1770621254-12-n4cpu4-0001 systemd[1]: Starting User Login Management...
Feb 09 07:15:02 teamcity-21080463-1770621254-12-n4cpu4-0001 systemd[1]: Condition check resulted in Ubuntu Pro reboot cmds being skipped.
Feb 09 07:15:02 teamcity-21080463-1770621254-12-n4cpu4-0001 systemd[1]: Started Ubuntu Pro Background Auto Attach.
Feb 09 07:15:02 teamcity-21080463-1770621254-12-n4cpu4-0001 systemd[1]: Started chrony, an NTP client/server.
Feb 09 07:15:02 teamcity-21080463-1770621254-12-n4cpu4-0001 systemd[1]: e2scrub_reap.service: Deactivated successfully.
Feb 09 07:15:02 teamcity-21080463-1770621254-12-n4cpu4-0001 systemd[1]: Finished Remove Stale Online ext4 Metadata Check Snapshots.
Feb 09 07:15:02 teamcity-21080463-1770621254-12-n4cpu4-0001 systemd[1]: gce-workload-cert-refresh.service: Deactivated successfully.
Feb 09 07:15:02 teamcity-21080463-1770621254-12-n4cpu4-0001 systemd[1]: Finished GCE Workload Certificate refresh.
Feb 09 07:15:02 teamcity-21080463-1770621254-12-n4cpu4-0001 systemd[1]: Reached target System Time Synchronized.
Feb 09 07:15:02 teamcity-21080463-1770621254-12-n4cpu4-0001 systemd[1]: Started Daily apt download activities.
Feb 09 07:15:02 teamcity-21080463-1770621254-12-n4cpu4-0001 systemd[1]: Started Daily apt upgrade and clean activities.
Feb 09 07:15:02 teamcity-21080463-1770621254-12-n4cpu4-0001 systemd[1]: Started Daily dpkg database backup timer.
Feb 09 07:15:02 teamcity-21080463-1770621254-12-n4cpu4-0001 systemd[1]: Started Periodic ext4 Online Metadata Check for All Filesystems.
Feb 09 07:15:02 teamcity-21080463-1770621254-12-n4cpu4-0001 systemd[1]: Started Discard unused blocks once a week.
Feb 09 07:15:02 teamcity-21080463-1770621254-12-n4cpu4-0001 systemd[1]: Started Daily rotation of log files.
Feb 09 07:15:02 teamcity-21080463-1770621254-12-n4cpu4-0001 systemd[1]: Started Daily man-db regeneration.
Feb 09 07:15:02 teamcity-21080463-1770621254-12-n4cpu4-0001 systemd[1]: Started Message of the Day.
Feb 09 07:15:02 teamcity-21080463-1770621254-12-n4cpu4-0001 systemd[1]: Condition check resulted in Timer to automatically fetch and run repair assertions being skipped.
Feb 09 07:15:02 teamcity-21080463-1770621254-12-n4cpu4-0001 systemd[1]: Started Check to see whether there is a new version of Ubuntu available.
Feb 09 07:15:02 teamcity-21080463-1770621254-12-n4cpu4-0001 systemd[1]: Reached target Timer Units.
Feb 09 07:15:02 teamcity-21080463-1770621254-12-n4cpu4-0001 systemd-logind[549]: Watching system buttons on /dev/input/event0 (Power Button)
Feb 09 07:15:02 teamcity-21080463-1770621254-12-n4cpu4-0001 systemd-logind[549]: Watching system buttons on /dev/input/event1 (Sleep Button)
Feb 09 07:15:02 teamcity-21080463-1770621254-12-n4cpu4-0001 systemd-logind[549]: Watching system buttons on /dev/input/event2 (AT Translated Set 2 keyboard)
Feb 09 07:15:02 teamcity-21080463-1770621254-12-n4cpu4-0001 systemd-logind[549]: New seat seat0.
Feb 09 07:15:02 teamcity-21080463-1770621254-12-n4cpu4-0001 systemd[1]: Started User Login Management.
Feb 09 07:15:02 teamcity-21080463-1770621254-12-n4cpu4-0001 systemd[1]: grub-common.service: Deactivated successfully.
Feb 09 07:15:02 teamcity-21080463-1770621254-12-n4cpu4-0001 systemd[1]: Finished Record successful boot for GRUB.
Feb 09 07:15:02 teamcity-21080463-1770621254-12-n4cpu4-0001 systemd[1]: nvmf-autoconnect.service: Deactivated successfully.
Feb 09 07:15:02 teamcity-21080463-1770621254-12-n4cpu4-0001 systemd[1]: Finished Connect NVMe-oF subsystems automatically during boot.
Feb 09 07:15:02 teamcity-21080463-1770621254-12-n4cpu4-0001 systemd[1]: Reached target Preparation for Remote File Systems.
Feb 09 07:15:02 teamcity-21080463-1770621254-12-n4cpu4-0001 systemd[1]: Reached target Remote File Systems.
